ARM Linker, 5.03 [Build 24] [MDK-ARM Lite]

==============================================================================

Section Cross References

    startup_stm32f10x_hd.o(RESET) refers to startup_stm32f10x_hd.o(STACK) for __initial_sp
    startup_stm32f10x_hd.o(RESET) refers to startup_stm32f10x_hd.o(.text) for Reset_Handler
    startup_stm32f10x_hd.o(RESET) refers to stm32f10x_it.o(.text) for NMI_Handler
    startup_stm32f10x_hd.o(.text) refers to system_stm32f10x.o(.text) for SystemInit
    startup_stm32f10x_hd.o(.text) refers to entry.o(.ARM.Collect$$$$00000000) for __main
    main.o(.text) refers to bsp_generaltim.o(.text) for GENERAL_TIM_Init
    main.o(.text) refers to bsp_usart.o(.text) for USART_Config
    main.o(.text) refers to bsp_adc.o(.text) for ADCx_Init
    main.o(.text) refers to measuretim.o(.text) for TIM_Init
    stm32f10x_it.o(.text) refers to getc.o(i.getc) for getc
    stm32f10x_it.o(.text) refers to printfa.o(i.__0printf) for __2printf
    stm32f10x_it.o(.text) refers to car.o(.text) for CAR_Go
    stm32f10x_it.o(.text) refers to stm32f10x_tim.o(.text) for TIM_ClearFlag
    stm32f10x_it.o(.text) refers to stdin.o(.data) for __stdin
    stm32f10x_it.o(.text) refers to stm32f10x_it.o(.data) for state_A
    stm32f10x_it.o(.text) refers to main.o(.data) for Left_Forward
    bsp_usart.o(.text) refers to misc.o(.text) for NVIC_PriorityGroupConfig
    bsp_usart.o(.text) refers to stm32f10x_rcc.o(.text) for RCC_APB2PeriphClockCmd
    bsp_usart.o(.text) refers to stm32f10x_gpio.o(.text) for GPIO_Init
    bsp_usart.o(.text) refers to stm32f10x_usart.o(.text) for USART_Init
    bsp_adc.o(.text) refers to stm32f10x_rcc.o(.text) for RCC_APB2PeriphClockCmd
    bsp_adc.o(.text) refers to stm32f10x_gpio.o(.text) for GPIO_Init
    bsp_adc.o(.text) refers to stm32f10x_dma.o(.text) for DMA_DeInit
    bsp_adc.o(.text) refers to stm32f10x_adc.o(.text) for ADC_Init
    bsp_adc.o(.text) refers to bsp_adc.o(.bss) for ADC_ConvertedValue
    bsp_generaltim.o(.text) refers to stm32f10x_rcc.o(.text) for RCC_APB2PeriphClockCmd
    bsp_generaltim.o(.text) refers to stm32f10x_gpio.o(.text) for GPIO_Init
    bsp_generaltim.o(.text) refers to stm32f10x_tim.o(.text) for TIM_TimeBaseInit
    bsp_generaltim.o(.text) refers to main.o(.data) for Left_Forward
    measuretim.o(.text) refers to misc.o(.text) for NVIC_PriorityGroupConfig
    measuretim.o(.text) refers to stm32f10x_rcc.o(.text) for RCC_APB2PeriphClockCmd
    measuretim.o(.text) refers to stm32f10x_gpio.o(.text) for GPIO_Init
    measuretim.o(.text) refers to stm32f10x_tim.o(.text) for TIM_TimeBaseInit
    car.o(.text) refers to bsp_generaltim.o(.text) for PWM_PA0
    car.o(.text) refers to stm32f10x_tim.o(.text) for TIM_Cmd
    car.o(.text) refers to ffltui.o(.text) for __aeabi_ui2f
    car.o(.text) refers to fdiv.o(.text) for __aeabi_fdiv
    car.o(.text) refers to f2d.o(.text) for __aeabi_f2d
    car.o(.text) refers to dmul.o(.text) for __aeabi_dmul
    car.o(.text) refers to d2f.o(.text) for __aeabi_d2f
    car.o(.text) refers to cfrcmple.o(.text) for __aeabi_cfrcmple
    car.o(.text) refers to printfa.o(i.__0printf) for __2printf
    car.o(.text) refers to bsp_adc.o(.bss) for ADC_ConvertedValue
    car.o(.text) refers to car.o(.bss) for ADC_ConvertedValueLocal
    car.o(.text) refers to main.o(.data) for Right_Forward
    robotarm_tim.o(.text) refers to stm32f10x_rcc.o(.text) for RCC_APB2PeriphClockCmd
    robotarm_tim.o(.text) refers to stm32f10x_gpio.o(.text) for GPIO_Init
    robotarm_tim.o(.text) refers to stm32f10x_tim.o(.text) for TIM_TimeBaseInit
    robotarm_tim.o(.text) refers to main.o(.data) for RobotArm_1
    system_stm32f10x.o(.text) refers to system_stm32f10x.o(.data) for SystemCoreClock
    stm32f10x_adc.o(.text) refers to stm32f10x_rcc.o(.text) for RCC_APB2PeriphResetCmd
    stm32f10x_bkp.o(.text) refers to stm32f10x_rcc.o(.text) for RCC_BackupResetCmd
    stm32f10x_can.o(.text) refers to stm32f10x_rcc.o(.text) for RCC_APB1PeriphResetCmd
    stm32f10x_cec.o(.text) refers to stm32f10x_rcc.o(.text) for RCC_APB1PeriphResetCmd
    stm32f10x_dac.o(.text) refers to stm32f10x_rcc.o(.text) for RCC_APB1PeriphResetCmd
    stm32f10x_gpio.o(.text) refers to stm32f10x_rcc.o(.text) for RCC_APB2PeriphResetCmd
    stm32f10x_i2c.o(.text) refers to stm32f10x_rcc.o(.text) for RCC_APB1PeriphResetCmd
    stm32f10x_pwr.o(.text) refers to stm32f10x_rcc.o(.text) for RCC_APB1PeriphResetCmd
    stm32f10x_rcc.o(.text) refers to stm32f10x_rcc.o(.data) for APBAHBPrescTable
    stm32f10x_spi.o(.text) refers to stm32f10x_rcc.o(.text) for RCC_APB2PeriphResetCmd
    stm32f10x_tim.o(.text) refers to stm32f10x_rcc.o(.text) for RCC_APB2PeriphResetCmd
    stm32f10x_usart.o(.text) refers to stm32f10x_rcc.o(.text) for RCC_APB2PeriphResetCmd
    stm32f10x_wwdg.o(.text) refers to stm32f10x_rcc.o(.text) for RCC_APB1PeriphResetCmd
    entry.o(.ARM.Collect$$$$00000000) refers (Special) to entry10a.o(.ARM.Collect$$$$0000000D) for __rt_final_cpp
[...]
    printf0.o(i.__0printf$0) refers to printf0.o(i._printf_core) for _printf_core
    printf0.o(i.__0printf$0) refers to bsp_usart.o(.text) for fputc
    printf0.o(i.__0printf$0) refers to stdout.o(.data) for __stdout
    printf0.o(i.__0snprintf$0) refers to printf0.o(i._printf_core) for _printf_core
    printf0.o(i.__0snprintf$0) refers to printf0.o(i._snputc) for _snputc
    printf0.o(i.__0sprintf$0) refers to printf0.o(i._printf_core) for _printf_core
    printf0.o(i.__0sprintf$0) refers to printf0.o(i._sputc) for _sputc
    printf0.o(i.__0vfprintf$0) refers to printf0.o(i._printf_core) for _printf_core
    printf0.o(i.__0vfprintf$0) refers to bsp_usart.o(.text) for fputc
    printf0.o(i.__0vprintf$0) refers to printf0.o(i._printf_core) for _printf_core
    printf0.o(i.__0vprintf$0) refers to bsp_usart.o(.text) for fputc
    printf0.o(i.__0vprintf$0) refers to stdout.o(.data) for __stdout
    printf0.o(i.__0vsnprintf$0) refers to printf0.o(i._printf_core) for _printf_core
    printf0.o(i.__0vsnprintf$0) refers to printf0.o(i._snputc) for _snputc
    printf0.o(i.__0vsprintf$0) refers to printf0.o(i._printf_core) for _printf_core
    printf0.o(i.__0vsprintf$0) refers to printf0.o(i._sputc) for _sputc
    printf1.o(i.__0fprintf$1) refers to printf1.o(i._printf_core) for _printf_core
    printf1.o(i.__0fprintf$1) refers to bsp_usart.o(.text) for fputc
    printf1.o(i.__0printf$1) refers to printf1.o(i._printf_core) for _printf_core
    printf1.o(i.__0printf$1) refers to bsp_usart.o(.text) for fputc
    printf1.o(i.__0printf$1) refers to stdout.o(.data) for __stdout
    printf1.o(i.__0snprintf$1) refers to printf1.o(i._printf_core) for _printf_core
    printf1.o(i.__0snprintf$1) refers to printf1.o(i._snputc) for _snputc
    printf1.o(i.__0sprintf$1) refers to printf1.o(i._printf_core) for _printf_core
    printf1.o(i.__0sprintf$1) refers to printf1.o(i._sputc) for _sputc
    printf1.o(i.__0vfprintf$1) refers to printf1.o(i._printf_core) for _printf_core
    printf1.o(i.__0vfprintf$1) refers to bsp_usart.o(.text) for fputc
    printf1.o(i.__0vprintf$1) refers to printf1.o(i._printf_core) for _printf_core
    printf1.o(i.__0vprintf$1) refers to bsp_usart.o(.text) for fputc
    printf1.o(i.__0vprintf$1) refers to stdout.o(.data) for __stdout
    printf1.o(i.__0vsnprintf$1) refers to printf1.o(i._printf_core) for _printf_core
    printf1.o(i.__0vsnprintf$1) refers to printf1.o(i._snputc) for _snputc
    printf1.o(i.__0vsprintf$1) refers to printf1.o(i._printf_core) for _printf_core
    printf1.o(i.__0vsprintf$1) refers to printf1.o(i._sputc) for _sputc
    printf1.o(i._printf_core) refers to uidiv.o(.text) for __aeabi_uidivmod
    printf2.o(i.__0fprintf$2) refers to printf2.o(i._printf_core) for _printf_core
    printf2.o(i.__0fprintf$2) refers to bsp_usart.o(.text) for fputc
    printf2.o(i.__0printf$2) refers to printf2.o(i._printf_core) for _printf_core
    printf2.o(i.__0printf$2) refers to bsp_usart.o(.text) for fputc
    printf2.o(i.__0printf$2) refers to stdout.o(.data) for __stdout
    printf2.o(i.__0snprintf$2) refers to printf2.o(i._printf_core) for _printf_core
    printf2.o(i.__0snprintf$2) refers to printf2.o(i._snputc) for _snputc
    printf2.o(i.__0sprintf$2) refers to printf2.o(i._printf_core) for _printf_core
    printf2.o(i.__0sprintf$2) refers to printf2.o(i._sputc) for _sputc
    printf2.o(i.__0vfprintf$2) refers to printf2.o(i._printf_core) for _printf_core
    printf2.o(i.__0vfprintf$2) refers to bsp_usart.o(.text) for fputc
    printf2.o(i.__0vprintf$2) refers to printf2.o(i._printf_core) for _printf_core
    printf2.o(i.__0vprintf$2) refers to bsp_usart.o(.text) for fputc
    printf2.o(i.__0vprintf$2) refers to stdout.o(.data) for __stdout
    printf2.o(i.__0vsnprintf$2) refers to printf2.o(i._printf_core) for _printf_core
    printf2.o(i.__0vsnprintf$2) refers to printf2.o(i._snputc) for _snputc
    printf2.o(i.__0vsprintf$2) refers to printf2.o(i._printf_core) for _printf_core
    printf2.o(i.__0vsprintf$2) refers to printf2.o(i._sputc) for _sputc
    printf3.o(i.__0fprintf$3) refers to printf3.o(i._printf_core) for _printf_core
    printf3.o(i.__0fprintf$3) refers to bsp_usart.o(.text) for fputc
    printf3.o(i.__0printf$3) refers to printf3.o(i._printf_core) for _printf_core
    printf3.o(i.__0printf$3) refers to bsp_usart.o(.text) for fputc
    printf3.o(i.__0printf$3) refers to stdout.o(.data) for __stdout
    printf3.o(i.__0snprintf$3) refers to printf3.o(i._printf_core) for _printf_core
    printf3.o(i.__0snprintf$3) refers to printf3.o(i._snputc) for _snputc
    printf3.o(i.__0sprintf$3) refers to printf3.o(i._printf_core) for _printf_core
    printf3.o(i.__0sprintf$3) refers to printf3.o(i._sputc) for _sputc
    printf3.o(i.__0vfprintf$3) refers to printf3.o(i._printf_core) for _printf_core
    printf3.o(i.__0vfprintf$3) refers to bsp_usart.o(.text) for fputc
    printf3.o(i.__0vprintf$3) refers to printf3.o(i._printf_core) for _printf_core
    printf3.o(i.__0vprintf$3) refers to bsp_usart.o(.text) for fputc
    printf3.o(i.__0vprintf$3) refers to stdout.o(.data) for __stdout
    printf3.o(i.__0vsnprintf$3) refers to printf3.o(i._printf_core) for _printf_core
    printf3.o(i.__0vsnprintf$3) refers to printf3.o(i._snputc) for _snputc
    printf3.o(i.__0vsprintf$3) refers to printf3.o(i._printf_core) for _printf_core
    printf3.o(i.__0vsprintf$3) refers to printf3.o(i._sputc) for _sputc
    printf3.o(i._printf_core) refers to uidiv.o(.text) for __aeabi_uidivmod
    printf4.o(i.__0fprintf$4) refers to printf4.o(i._printf_core) for _printf_core
    printf4.o(i.__0fprintf$4) refers to bsp_usart.o(.text) for fputc
    printf4.o(i.__0printf$4) refers to printf4.o(i._printf_core) for _printf_core
    printf4.o(i.__0printf$4) refers to bsp_usart.o(.text) for fputc
    printf4.o(i.__0printf$4) refers to stdout.o(.data) for __stdout
    printf4.o(i.__0snprintf$4) refers to printf4.o(i._printf_core) for _printf_core
    printf4.o(i.__0snprintf$4) refers to printf4.o(i._snputc) for _snputc
    printf4.o(i.__0sprintf$4) refers to printf4.o(i._printf_core) for _printf_core
    printf4.o(i.__0sprintf$4) refers to printf4.o(i._sputc) for _sputc
    printf4.o(i.__0vfprintf$4) refers to printf4.o(i._printf_core) for _printf_core
    printf4.o(i.__0vfprintf$4) refers to bsp_usart.o(.text) for fputc
    printf4.o(i.__0vprintf$4) refers to printf4.o(i._printf_core) for _printf_core
    printf4.o(i.__0vprintf$4) refers to bsp_usart.o(.text) for fputc
    printf4.o(i.__0vprintf$4) refers to stdout.o(.data) for __stdout
    printf4.o(i.__0vsnprintf$4) refers to printf4.o(i._printf_core) for _printf_core
    printf4.o(i.__0vsnprintf$4) refers to printf4.o(i._snputc) for _snputc
    printf4.o(i.__0vsprintf$4) refers to printf4.o(i._printf_core) for _printf_core
    printf4.o(i.__0vsprintf$4) refers to printf4.o(i._sputc) for _sputc
    printf4.o(i._printf_core) refers to uldiv.o(.text) for __aeabi_uldivmod
    printf5.o(i.__0fprintf$5) refers to printf5.o(i._printf_core) for _printf_core
    printf5.o(i.__0fprintf$5) refers to bsp_usart.o(.text) for fputc
    printf5.o(i.__0printf$5) refers to printf5.o(i._printf_core) for _printf_core
    printf5.o(i.__0printf$5) refers to bsp_usart.o(.text) for fputc
    printf5.o(i.__0printf$5) refers to stdout.o(.data) for __stdout
    printf5.o(i.__0snprintf$5) refers to printf5.o(i._printf_core) for _printf_core
    printf5.o(i.__0snprintf$5) refers to printf5.o(i._snputc) for _snputc
    printf5.o(i.__0sprintf$5) refers to printf5.o(i._printf_core) for _printf_core
    printf5.o(i.__0sprintf$5) refers to printf5.o(i._sputc) for _sputc
    printf5.o(i.__0vfprintf$5) refers to printf5.o(i._printf_core) for _printf_core
    printf5.o(i.__0vfprintf$5) refers to bsp_usart.o(.text) for fputc
    printf5.o(i.__0vprintf$5) refers to printf5.o(i._printf_core) for _printf_core
    printf5.o(i.__0vprintf$5) refers to bsp_usart.o(.text) for fputc
    printf5.o(i.__0vprintf$5) refers to stdout.o(.data) for __stdout
    printf5.o(i.__0vsnprintf$5) refers to printf5.o(i._printf_core) for _printf_core
    printf5.o(i.__0vsnprintf$5) refers to printf5.o(i._snputc) for _snputc
    printf5.o(i.__0vsprintf$5) refers to printf5.o(i._printf_core) for _printf_core
    printf5.o(i.__0vsprintf$5) refers to printf5.o(i._sputc) for _sputc
    printf5.o(i._printf_core) refers to uldiv.o(.text) for __aeabi_uldivmod
    printf6.o(i.__0fprintf$6) refers to printf6.o(i._printf_core) for _printf_core
    printf6.o(i.__0fprintf$6) refers to bsp_usart.o(.text) for fputc
    printf6.o(i.__0printf$6) refers to printf6.o(i._printf_core) for _printf_core
    printf6.o(i.__0printf$6) refers to bsp_usart.o(.text) for fputc
    printf6.o(i.__0printf$6) refers to stdout.o(.data) for __stdout
    printf6.o(i.__0snprintf$6) refers to printf6.o(i._printf_core) for _printf_core
    printf6.o(i.__0snprintf$6) refers to printf6.o(i._snputc) for _snputc
    printf6.o(i.__0sprintf$6) refers to printf6.o(i._printf_core) for _printf_core
    printf6.o(i.__0sprintf$6) refers to printf6.o(i._sputc) for _sputc
    printf6.o(i.__0vfprintf$6) refers to printf6.o(i._printf_core) for _printf_core
    printf6.o(i.__0vfprintf$6) refers to bsp_usart.o(.text) for fputc
    printf6.o(i.__0vprintf$6) refers to printf6.o(i._printf_core) for _printf_core
    printf6.o(i.__0vprintf$6) refers to bsp_usart.o(.text) for fputc
    printf6.o(i.__0vprintf$6) refers to stdout.o(.data) for __stdout
    printf6.o(i.__0vsnprintf$6) refers to printf6.o(i._printf_core) for _printf_core
    printf6.o(i.__0vsnprintf$6) refers to printf6.o(i._snputc) for _snputc
    printf6.o(i.__0vsprintf$6) refers to printf6.o(i._printf_core) for _printf_core
    printf6.o(i.__0vsprintf$6) refers to printf6.o(i._sputc) for _sputc
    printf6.o(i._printf_core) refers to printf6.o(i._printf_pre_padding) for _printf_pre_padding
    printf6.o(i._printf_core) refers to uidiv.o(.text) for __aeabi_uidivmod
    printf6.o(i._printf_core) refers to printf6.o(i._printf_post_padding) for _printf_post_padding
    printf7.o(i.__0fprintf$7) refers to printf7.o(i._printf_core) for _printf_core
    printf7.o(i.__0fprintf$7) refers to bsp_usart.o(.text) for fputc
    printf7.o(i.__0printf$7) refers to printf7.o(i._printf_core) for _printf_core
    printf7.o(i.__0printf$7) refers to bsp_usart.o(.text) for fputc
    printf7.o(i.__0printf$7) refers to stdout.o(.data) for __stdout
    printf7.o(i.__0snprintf$7) refers to printf7.o(i._printf_core) for _printf_core
    printf7.o(i.__0snprintf$7) refers to printf7.o(i._snputc) for _snputc
    printf7.o(i.__0sprintf$7) refers to printf7.o(i._printf_core) for _printf_core
    printf7.o(i.__0sprintf$7) refers to printf7.o(i._sputc) for _sputc
    printf7.o(i.__0vfprintf$7) refers to printf7.o(i._printf_core) for _printf_core
    printf7.o(i.__0vfprintf$7) refers to bsp_usart.o(.text) for fputc
    printf7.o(i.__0vprintf$7) refers to printf7.o(i._printf_core) for _printf_core
    printf7.o(i.__0vprintf$7) refers to bsp_usart.o(.text) for fputc
    printf7.o(i.__0vprintf$7) refers to stdout.o(.data) for __stdout
    printf7.o(i.__0vsnprintf$7) refers to printf7.o(i._printf_core) for _printf_core
    printf7.o(i.__0vsnprintf$7) refers to printf7.o(i._snputc) for _snputc
    printf7.o(i.__0vsprintf$7) refers to printf7.o(i._printf_core) for _printf_core
    printf7.o(i.__0vsprintf$7) refers to printf7.o(i._sputc) for _sputc
    printf7.o(i._printf_core) refers to printf7.o(i._printf_pre_padding) for _printf_pre_padding
    printf7.o(i._printf_core) refers to uldiv.o(.text) for __aeabi_uldivmod
    printf7.o(i._printf_core) refers to printf7.o(i._printf_post_padding) for _printf_post_padding
    printf8.o(i.__0fprintf$8) refers to printf8.o(i._printf_core) for _printf_core
    printf8.o(i.__0fprintf$8) refers to bsp_usart.o(.text) for fputc
    printf8.o(i.__0printf$8) refers to printf8.o(i._printf_core) for _printf_core
    printf8.o(i.__0printf$8) refers to bsp_usart.o(.text) for fputc
    printf8.o(i.__0printf$8) refers to stdout.o(.data) for __stdout
    printf8.o(i.__0snprintf$8) refers to printf8.o(i._printf_core) for _printf_core
    printf8.o(i.__0snprintf$8) refers to printf8.o(i._snputc) for _snputc
    printf8.o(i.__0sprintf$8) refers to printf8.o(i._printf_core) for _printf_core
    printf8.o(i.__0sprintf$8) refers to printf8.o(i._sputc) for _sputc
    printf8.o(i.__0vfprintf$8) refers to printf8.o(i._printf_core) for _printf_core
    printf8.o(i.__0vfprintf$8) refers to bsp_usart.o(.text) for fputc
    printf8.o(i.__0vprintf$8) refers to printf8.o(i._printf_core) for _printf_core
    printf8.o(i.__0vprintf$8) refers to bsp_usart.o(.text) for fputc
    printf8.o(i.__0vprintf$8) refers to stdout.o(.data) for __stdout
    printf8.o(i.__0vsnprintf$8) refers to printf8.o(i._printf_core) for _printf_core
    printf8.o(i.__0vsnprintf$8) refers to printf8.o(i._snputc) for _snputc
    printf8.o(i.__0vsprintf$8) refers to printf8.o(i._printf_core) for _printf_core
    printf8.o(i.__0vsprintf$8) refers to printf8.o(i._sputc) for _sputc
    printf8.o(i._printf_core) refers to printf8.o(i._printf_pre_padding) for _printf_pre_padding
    printf8.o(i._printf_core) refers to uldiv.o(.text) for __aeabi_uldivmod
    printf8.o(i._printf_core) refers to printf8.o(i._printf_post_padding) for _printf_post_padding
    printfa.o(i.__0fprintf) refers (Special) to iusefp.o(.text) for __I$use$fp
    printfa.o(i.__0fprintf) refers to printfa.o(i._printf_core) for _printf_core
    printfa.o(i.__0fprintf) refers to bsp_usart.o(.text) for fputc
    printfa.o(i.__0printf) refers (Special) to iusefp.o(.text) for __I$use$fp
    printfa.o(i.__0printf) refers to printfa.o(i._printf_core) for _printf_core
    printfa.o(i.__0printf) refers to bsp_usart.o(.text) for fputc
    printfa.o(i.__0printf) refers to stdout.o(.data) for __stdout
    printfa.o(i.__0snprintf) refers (Special) to iusefp.o(.text) for __I$use$fp
    printfa.o(i.__0snprintf) refers to printfa.o(i._printf_core) for _printf_core
    printfa.o(i.__0snprintf) refers to printfa.o(i._snputc) for _snputc
    printfa.o(i.__0sprintf) refers (Special) to iusefp.o(.text) for __I$use$fp
    printfa.o(i.__0sprintf) refers to printfa.o(i._printf_core) for _printf_core
    printfa.o(i.__0sprintf) refers to printfa.o(i._sputc) for _sputc
    printfa.o(i.__0vfprintf) refers (Special) to iusefp.o(.text) for __I$use$fp
    printfa.o(i.__0vfprintf) refers to printfa.o(i._printf_core) for _printf_core
    printfa.o(i.__0vfprintf) refers to bsp_usart.o(.text) for fputc
    printfa.o(i.__0vprintf) refers (Special) to iusefp.o(.text) for __I$use$fp
    printfa.o(i.__0vprintf) refers to printfa.o(i._printf_core) for _printf_core
    printfa.o(i.__0vprintf) refers to bsp_usart.o(.text) for fputc
    printfa.o(i.__0vprintf) refers to stdout.o(.data) for __stdout
    printfa.o(i.__0vsnprintf) refers (Special) to iusefp.o(.text) for __I$use$fp
    printfa.o(i.__0vsnprintf) refers to printfa.o(i._printf_core) for _printf_core
    printfa.o(i.__0vsnprintf) refers to printfa.o(i._snputc) for _snputc
    printfa.o(i.__0vsprintf) refers (Special) to iusefp.o(.text) for __I$use$fp
    printfa.o(i.__0vsprintf) refers to printfa.o(i._printf_core) for _printf_core
    printfa.o(i.__0vsprintf) refers to printfa.o(i._sputc) for _sputc
    printfa.o(i._fp_digits) refers (Special) to iusefp.o(.text) for __I$use$fp
    printfa.o(i._fp_digits) refers to dmul.o(.text) for __aeabi_dmul
    printfa.o(i._fp_digits) refers to ddiv.o(.text) for __aeabi_ddiv
    printfa.o(i._fp_digits) refers to cdrcmple.o(.text) for __aeabi_cdrcmple
    printfa.o(i._fp_digits) refers to dadd.o(.text) for __aeabi_dadd
    printfa.o(i._fp_digits) refers to dfixul.o(.text) for __aeabi_d2ulz
    printfa.o(i._fp_digits) refers to uldiv.o(.text) for __aeabi_uldivmod
    printfa.o(i._printf_core) refers (Special) to iusefp.o(.text) for __I$use$fp
    printfa.o(i._printf_core) refers to printfa.o(i._printf_pre_padding) for _printf_pre_padding
    printfa.o(i._printf_core) refers to uldiv.o(.text) for __aeabi_uldivmod
    printfa.o(i._printf_core) refers to printfa.o(i._printf_post_padding) for _printf_post_padding
    printfa.o(i._printf_core) refers to printfa.o(i._fp_digits) for _fp_digits
    printfa.o(i._printf_core) refers to uidiv.o(.text) for __aeabi_uidivmod
    printfa.o(i._printf_post_padding) refers (Special) to iusefp.o(.text) for __I$use$fp
    printfa.o(i._printf_pre_padding) refers (Special) to iusefp.o(.text) for __I$use$fp
    printfa.o(i._snputc) refers (Special) to iusefp.o(.text) for __I$use$fp
    printfa.o(i._sputc) refers (Special) to iusefp.o(.text) for __I$use$fp
    fdiv.o(.text) refers (Special) to iusefp.o(.text) for __I$use$fp
    fdiv.o(.text) refers to fepilogue.o(.text) for _float_round
    dmul.o(.text) refers (Special) to iusefp.o(.text) for __I$use$fp
    dmul.o(.text) refers to depilogue.o(.text) for _double_epilogue
    ffltui.o(.text) refers (Special) to iusefp.o(.text) for __I$use$fp
    ffltui.o(.text) refers to fepilogue.o(.text) for _float_epilogue
    f2d.o(.text) refers (Special) to iusefp.o(.text) for __I$use$fp
    d2f.o(.text) refers (Special) to iusefp.o(.text) for __I$use$fp
    d2f.o(.text) refers to fepilogue.o(.text) for _float_round
    cfrcmple.o(.text) refers (Special) to iusefp.o(.text) for __I$use$fp
    entry2.o(.ARM.Collect$$$$00000001) refers to entry2.o(.ARM.Collect$$$$00002712) for __lit__00000000
    entry2.o(.ARM.Collect$$$$00002712) refers to startup_stm32f10x_hd.o(STACK) for __initial_sp
    entry2.o(__vectab_stack_and_reset_area) refers to startup_stm32f10x_hd.o(STACK) for __initial_sp
    entry2.o(__vectab_stack_and_reset_area) refers to entry.o(.ARM.Collect$$$$00000000) for __main
    entry5.o(.ARM.Collect$$$$00000004) refers to init.o(.text) for __scatterload
    entry9a.o(.ARM.Collect$$$$0000000B) refers to main.o(.text) for main
    entry9b.o(.ARM.Collect$$$$0000000C) refers to main.o(.text) for main
    uldiv.o(.text) refers to llushr.o(.text) for __aeabi_llsr
    uldiv.o(.text) refers to llshl.o(.text) for __aeabi_llsl
    depilogue.o(.text) refers to llshl.o(.text) for __aeabi_llsl
    depilogue.o(.text) refers to llushr.o(.text) for __aeabi_llsr
    dadd.o(.text) refers to llshl.o(.text) for __aeabi_llsl
    dadd.o(.text) refers to llsshr.o(.text) for __aeabi_lasr
    dadd.o(.text) refers to depilogue.o(.text) for _double_epilogue
    ddiv.o(.text) refers to depilogue.o(.text) for _double_round
    dfixul.o(.text) refers to llushr.o(.text) for __aeabi_llsr
    dfixul.o(.text) refers to llshl.o(.text) for __aeabi_llsl
    init.o(.text) refers to entry5.o(.ARM.Collect$$$$00000004) for __main_after_scatterload


==============================================================================

Removing Unused input sections from the image.

    Removing startup_stm32f10x_hd.o(HEAP), (512 bytes).
    Removing robotarm_tim.o(.text), (552 bytes).
    Removing core_cm3.o(.emb_text), (32 bytes).
    Removing stm32f10x_bkp.o(.text), (196 bytes).
    Removing stm32f10x_can.o(.text), (2536 bytes).
    Removing stm32f10x_cec.o(.text), (288 bytes).
    Removing stm32f10x_crc.o(.text), (72 bytes).
    Removing stm32f10x_dac.o(.text), (396 bytes).
    Removing stm32f10x_dbgmcu.o(.text), (48 bytes).
    Removing stm32f10x_exti.o(.text), (284 bytes).
    Removing stm32f10x_flash.o(.text), (1468 bytes).
    Removing stm32f10x_fsmc.o(.text), (1560 bytes).
    Removing stm32f10x_i2c.o(.text), (1028 bytes).
    Removing stm32f10x_iwdg.o(.text), (64 bytes).
    Removing stm32f10x_pwr.o(.text), (204 bytes).
    Removing stm32f10x_rtc.o(.text), (324 bytes).
    Removing stm32f10x_sdio.o(.text), (472 bytes).
    Removing stm32f10x_spi.o(.text), (780 bytes).
    Removing stm32f10x_wwdg.o(.text), (136 bytes).

19 unused section(s) (total 10952 bytes) removed from the image.

==============================================================================

Image Symbol Table

    Local Symbols

    Symbol Name                              Value     Ov Type        Size  Object(Section)

    ../clib/microlib/division.c              0x00000000   Number         0  uldiv.o ABSOLUTE
    ../clib/microlib/division.c              0x00000000   Number         0  uidiv.o ABSOLUTE
    ../clib/microlib/init/entry.s            0x00000000   Number         0  entry9a.o ABSOLUTE
    ../clib/microlib/init/entry.s            0x00000000   Number         0  entry8b.o ABSOLUTE
    ../clib/microlib/init/entry.s            0x00000000   Number         0  entry8a.o ABSOLUTE
    ../clib/microlib/init/entry.s            0x00000000   Number         0  entry.o ABSOLUTE
    ../clib/microlib/init/entry.s            0x00000000   Number         0  entry7b.o ABSOLUTE
    ../clib/microlib/init/entry.s            0x00000000   Number         0  entry9b.o ABSOLUTE
    ../clib/microlib/init/entry.s            0x00000000   Number         0  entry2.o ABSOLUTE
    ../clib/microlib/init/entry.s            0x00000000   Number         0  entry5.o ABSOLUTE
    ../clib/microlib/init/entry.s            0x00000000   Number         0  entry10a.o ABSOLUTE
    ../clib/microlib/init/entry.s            0x00000000   Number         0  entry7a.o ABSOLUTE
    ../clib/microlib/init/entry.s            0x00000000   Number         0  entry11b.o ABSOLUTE
    ../clib/microlib/init/entry.s            0x00000000   Number         0  entry11a.o ABSOLUTE
    ../clib/microlib/init/entry.s            0x00000000   Number         0  entry10b.o ABSOLUTE
    ../clib/microlib/longlong.c              0x00000000   Number         0  llsshr.o ABSOLUTE
    ../clib/microlib/longlong.c              0x00000000   Number         0  llushr.o ABSOLUTE
    ../clib/microlib/longlong.c              0x00000000   Number         0  llshl.o ABSOLUTE
    ../clib/microlib/printf/printf.c         0x00000000   Number         0  printf6.o ABSOLUTE
    ../clib/microlib/printf/printf.c         0x00000000   Number         0  printf7.o ABSOLUTE
    ../clib/microlib/printf/printf.c         0x00000000   Number         0  printf8.o ABSOLUTE
    ../clib/microlib/printf/printf.c         0x00000000   Number         0  printfa.o ABSOLUTE
    ../clib/microlib/printf/printf.c         0x00000000   Number         0  printfb.o ABSOLUTE
    ../clib/microlib/printf/printf.c         0x00000000   Number         0  printf0.o ABSOLUTE
    ../clib/microlib/printf/printf.c         0x00000000   Number         0  printf1.o ABSOLUTE
    ../clib/microlib/printf/printf.c         0x00000000   Number         0  printf5.o ABSOLUTE
    ../clib/microlib/printf/printf.c         0x00000000   Number         0  printf2.o ABSOLUTE
    ../clib/microlib/printf/printf.c         0x00000000   Number         0  printf3.o ABSOLUTE
    ../clib/microlib/printf/printf.c         0x00000000   Number         0  printf4.o ABSOLUTE
    ../clib/microlib/printf/stubs.s          0x00000000   Number         0  stubs.o ABSOLUTE
    ../clib/microlib/stdio/getc.c            0x00000000   Number         0  getc.o ABSOLUTE
    ../clib/microlib/stdio/streams.c         0x00000000   Number         0  stdout.o ABSOLUTE
    ../clib/microlib/stdio/streams.c         0x00000000   Number         0  stdin.o ABSOLUTE
    ../clib/microlib/stubs.s                 0x00000000   Number         0  iusefp.o ABSOLUTE
    ../fplib/microlib/d2f.c                  0x00000000   Number         0  d2f.o ABSOLUTE
    ../fplib/microlib/f2d.c                  0x00000000   Number         0  f2d.o ABSOLUTE
    ../fplib/microlib/fpadd.c                0x00000000   Number         0  dadd.o ABSOLUTE
    ../fplib/microlib/fpdiv.c                0x00000000   Number         0  ddiv.o ABSOLUTE
    ../fplib/microlib/fpdiv.c                0x00000000   Number         0  fdiv.o ABSOLUTE
    ../fplib/microlib/fpepilogue.c           0x00000000   Number         0  depilogue.o ABSOLUTE
    ../fplib/microlib/fpepilogue.c           0x00000000   Number         0  fepilogue.o ABSOLUTE
    ../fplib/microlib/fpfix.c                0x00000000   Number         0  dfixul.o ABSOLUTE
    ../fplib/microlib/fpflt.c                0x00000000   Number         0  ffltui.o ABSOLUTE
    ../fplib/microlib/fpmul.c                0x00000000   Number         0  dmul.o ABSOLUTE
    ..\Libraries\CMSIS\core_cm3.c            0x00000000   Number         0  core_cm3.o ABSOLUTE
    ..\Libraries\CMSIS\system_stm32f10x.c    0x00000000   Number         0  system_stm32f10x.o ABSOLUTE
    ..\Libraries\STM32F10x_StdPeriph_Driver\src\misc.c 0x00000000   Number         0  misc.o ABSOLUTE
    ..\Libraries\STM32F10x_StdPeriph_Driver\src\stm32f10x_adc.c 0x00000000   Number         0  stm32f10x_adc.o ABSOLUTE
    ..\Libraries\STM32F10x_StdPeriph_Driver\src\stm32f10x_bkp.c 0x00000000   Number         0  stm32f10x_bkp.o ABSOLUTE
    ..\Libraries\STM32F10x_StdPeriph_Driver\src\stm32f10x_can.c 0x00000000   Number         0  stm32f10x_can.o ABSOLUTE
    ..\Libraries\STM32F10x_StdPeriph_Driver\src\stm32f10x_cec.c 0x00000000   Number         0  stm32f10x_cec.o ABSOLUTE
    ..\Libraries\STM32F10x_StdPeriph_Driver\src\stm32f10x_crc.c 0x00000000   Number         0  stm32f10x_crc.o ABSOLUTE
    ..\Libraries\STM32F10x_StdPeriph_Driver\src\stm32f10x_dac.c 0x00000000   Number         0  stm32f10x_dac.o ABSOLUTE
    ..\Libraries\STM32F10x_StdPeriph_Driver\src\stm32f10x_dbgmcu.c 0x00000000   Number         0  stm32f10x_dbgmcu.o ABSOLUTE
    ..\Libraries\STM32F10x_StdPeriph_Driver\src\stm32f10x_dma.c 0x00000000   Number         0  stm32f10x_dma.o ABSOLUTE
    ..\Libraries\STM32F10x_StdPeriph_Driver\src\stm32f10x_exti.c 0x00000000   Number         0  stm32f10x_exti.o ABSOLUTE
    ..\Libraries\STM32F10x_StdPeriph_Driver\src\stm32f10x_flash.c 0x00000000   Number         0  stm32f10x_flash.o ABSOLUTE
    ..\Libraries\STM32F10x_StdPeriph_Driver\src\stm32f10x_fsmc.c 0x00000000   Number         0  stm32f10x_fsmc.o ABSOLUTE
    ..\Libraries\STM32F10x_StdPeriph_Driver\src\stm32f10x_gpio.c 0x00000000   Number         0  stm32f10x_gpio.o ABSOLUTE
    ..\Libraries\STM32F10x_StdPeriph_Driver\src\stm32f10x_i2c.c 0x00000000   Number         0  stm32f10x_i2c.o ABSOLUTE
    ..\Libraries\STM32F10x_StdPeriph_Driver\src\stm32f10x_iwdg.c 0x00000000   Number         0  stm32f10x_iwdg.o ABSOLUTE
    ..\Libraries\STM32F10x_StdPeriph_Driver\src\stm32f10x_pwr.c 0x00000000   Number         0  stm32f10x_pwr.o ABSOLUTE
    ..\Libraries\STM32F10x_StdPeriph_Driver\src\stm32f10x_rcc.c 0x00000000   Number         0  stm32f10x_rcc.o ABSOLUTE
    ..\Libraries\STM32F10x_StdPeriph_Driver\src\stm32f10x_rtc.c 0x00000000   Number         0  stm32f10x_rtc.o ABSOLUTE
    ..\Libraries\STM32F10x_StdPeriph_Driver\src\stm32f10x_sdio.c 0x00000000   Number         0  stm32f10x_sdio.o ABSOLUTE
    ..\Libraries\STM32F10x_StdPeriph_Driver\src\stm32f10x_spi.c 0x00000000   Number         0  stm32f10x_spi.o ABSOLUTE
    ..\Libraries\STM32F10x_StdPeriph_Driver\src\stm32f10x_tim.c 0x00000000   Number         0  stm32f10x_tim.o ABSOLUTE
    ..\Libraries\STM32F10x_StdPeriph_Driver\src\stm32f10x_usart.c 0x00000000   Number         0  stm32f10x_usart.o ABSOLUTE
    ..\Libraries\STM32F10x_StdPeriph_Driver\src\stm32f10x_wwdg.c 0x00000000   Number         0  stm32f10x_wwdg.o ABSOLUTE
    ..\User\MeasureTim\MeasureTim.c          0x00000000   Number         0  measuretim.o ABSOLUTE
    ..\User\RobotArm_Tim\RobotArm_Tim.c      0x00000000   Number         0  robotarm_tim.o ABSOLUTE
    ..\User\bsp_GeneralTim\bsp_GeneralTim.c  0x00000000   Number         0  bsp_generaltim.o ABSOLUTE
    ..\User\bsp_adc.c                        0x00000000   Number         0  bsp_adc.o ABSOLUTE
    ..\User\bsp_usart.c                      0x00000000   Number         0  bsp_usart.o ABSOLUTE
    ..\User\car\car.c                        0x00000000   Number         0  car.o ABSOLUTE
    ..\User\main.c                           0x00000000   Number         0  main.o ABSOLUTE
    ..\User\stm32f10x_it.c                   0x00000000   Number         0  stm32f10x_it.o ABSOLUTE
    ..\\Libraries\\CMSIS\\core_cm3.c         0x00000000   Number         0  core_cm3.o ABSOLUTE
    cdrcmple.s                               0x00000000   Number         0  cdrcmple.o ABSOLUTE
    cfrcmple.s                               0x00000000   Number         0  cfrcmple.o ABSOLUTE
    dc.s                                     0x00000000   Number         0  dc.o ABSOLUTE
    handlers.s                               0x00000000   Number         0  handlers.o ABSOLUTE
    init.s                                   0x00000000   Number         0  init.o ABSOLUTE
    startup_stm32f10x_hd.s                   0x00000000   Number         0  startup_stm32f10x_hd.o ABSOLUTE
    RESET                                    0x08000000   Section      304  startup_stm32f10x_hd.o(RESET)
    .ARM.Collect$$$$00000000                 0x08000130   Section        0  entry.o(.ARM.Collect$$$$00000000)
    .ARM.Collect$$$$00000001                 0x08000130   Section        4  entry2.o(.ARM.Collect$$$$00000001)
    .ARM.Collect$$$$00000004                 0x08000134   Section        4  entry5.o(.ARM.Collect$$$$00000004)
    .ARM.Collect$$$$00000008                 0x08000138   Section        0  entry7b.o(.ARM.Collect$$$$00000008)
    .ARM.Collect$$$$0000000A                 0x08000138   Section        0  entry8b.o(.ARM.Collect$$$$0000000A)
    .ARM.Collect$$$$0000000B                 0x08000138   Section        8  entry9a.o(.ARM.Collect$$$$0000000B)
    .ARM.Collect$$$$0000000D                 0x08000140   Section        0  entry10a.o(.ARM.Collect$$$$0000000D)
    .ARM.Collect$$$$0000000F                 0x08000140   Section        0  entry11a.o(.ARM.Collect$$$$0000000F)
    .ARM.Collect$$$$00002712                 0x08000140   Section        4  entry2.o(.ARM.Collect$$$$00002712)
    __lit__00000000                          0x08000140   Data           4  entry2.o(.ARM.Collect$$$$00002712)
    .text                                    0x08000144   Section       36  startup_stm32f10x_hd.o(.text)
    .text                                    0x08000168   Section        0  main.o(.text)
    .text                                    0x0800017c   Section        0  stm32f10x_it.o(.text)
    .text                                    0x080005a4   Section        0  bsp_usart.o(.text)
    NVIC_Configuration                       0x080005a5   Thumb Code    38  bsp_usart.o(.text)
    .text                                    0x0800074c   Section        0  bsp_adc.o(.text)
    ADCx_GPIO_Config                         0x0800074d   Thumb Code   106  bsp_adc.o(.text)
    ADCx_Mode_Config                         0x080007b7   Thumb Code   576  bsp_adc.o(.text)
    .text                                    0x08000a2c   Section        0  bsp_generaltim.o(.text)
    GENERAL_TIM_GPIO_Config                  0x08000a2d   Thumb Code   132  bsp_generaltim.o(.text)
    GENERAL_TIM_GPIO_Config_Tim5             0x08000ab1   Thumb Code   140  bsp_generaltim.o(.text)
    GENERAL_TIM_Mode_Config                  0x08000b3d   Thumb Code   164  bsp_generaltim.o(.text)
    GENERAL_TIM_Mode_Config_Tim5             0x08000be1   Thumb Code   164  bsp_generaltim.o(.text)
    .text                                    0x08000e34   Section        0  measuretim.o(.text)
    GENERAL_TIM_NVIC_Config                  0x08000e35   Thumb Code    42  measuretim.o(.text)
    GENERAL_TIM_GPIO_Config                  0x08000e5f   Thumb Code   120  measuretim.o(.text)
    GENERAL_TIM_Mode_Config                  0x08000ed7   Thumb Code   220  measuretim.o(.text)
    TIM6_Config                              0x08000fb3   Thumb Code    44  measuretim.o(.text)
    .text                                    0x08001000   Section        0  car.o(.text)
    CAR_DOWN                                 0x08001013   Thumb Code   450  car.o(.text)
    CAR_GO                                   0x080011d5   Thumb Code  1018  car.o(.text)
    CAR_LEFT                                 0x080015cf   Thumb Code   450  car.o(.text)
    CAR_RIGHT                                0x08001791   Thumb Code   560  car.o(.text)
    .text                                    0x08001a2c   Section        0  system_stm32f10x.o(.text)
    SetSysClockTo72                          0x08001a2d   Thumb Code   212  system_stm32f10x.o(.text)
    SetSysClock                              0x08001b01   Thumb Code     8  system_stm32f10x.o(.text)
    .text                                    0x08001c08   Section        0  misc.o(.text)
    .text                                    0x08001ce4   Section        0  stm32f10x_adc.o(.text)
    .text                                    0x08002134   Section        0  stm32f10x_dma.o(.text)
    .text                                    0x08002384   Section        0  stm32f10x_gpio.o(.text)
    .text                                    0x080026dc   Section        0  stm32f10x_rcc.o(.text)
    .text                                    0x08002a80   Section        0  stm32f10x_tim.o(.text)
    TI4_Config                               0x08002f27   Thumb Code   130  stm32f10x_tim.o(.text)
    TI3_Config                               0x08002fbb   Thumb Code   122  stm32f10x_tim.o(.text)
    TI2_Config                               0x0800304f   Thumb Code   130  stm32f10x_tim.o(.text)
    TI1_Config                               0x080030e3   Thumb Code   108  stm32f10x_tim.o(.text)
    .text                                    0x0800389c   Section        0  stm32f10x_usart.o(.text)
    .text                                    0x08003ca4   Section        0  fdiv.o(.text)
    .text                                    0x08003d24   Section        0  dmul.o(.text)
    .text                                    0x08003e08   Section        0  ffltui.o(.text)
    .text                                    0x08003e12   Section        0  f2d.o(.text)
    .text                                    0x08003e38   Section        0  d2f.o(.text)
    .text                                    0x08003e70   Section       20  cfrcmple.o(.text)
    .text                                    0x08003e84   Section        0  uidiv.o(.text)
    .text                                    0x08003eb0   Section        0  uldiv.o(.text)
    .text                                    0x08003f12   Section        0  iusefp.o(.text)
    .text                                    0x08003f12   Section        0  fepilogue.o(.text)
    .text                                    0x08003f7e   Section        0  depilogue.o(.text)
    .text                                    0x0800403c   Section        0  dadd.o(.text)
    .text                                    0x0800418a   Section        0  ddiv.o(.text)
    .text                                    0x08004268   Section        0  dfixul.o(.text)
    .text                                    0x08004298   Section       40  cdrcmple.o(.text)
    .text                                    0x080042c0   Section       36  init.o(.text)
    .text                                    0x080042e4   Section        0  llshl.o(.text)
    .text                                    0x08004302   Section        0  llushr.o(.text)
    .text                                    0x08004322   Section        0  llsshr.o(.text)
    i.__0printf                              0x08004348   Section        0  printfa.o(i.__0printf)
    i.__scatterload_copy                     0x08004368   Section       14  handlers.o(i.__scatterload_copy)
    i.__scatterload_null                     0x08004376   Section        2  handlers.o(i.__scatterload_null)
    i.__scatterload_zeroinit                 0x08004378   Section       14  handlers.o(i.__scatterload_zeroinit)
    i._fp_digits                             0x08004388   Section        0  printfa.o(i._fp_digits)
    _fp_digits                               0x08004389   Thumb Code   326  printfa.o(i._fp_digits)
    i._printf_core                           0x080044e4   Section        0  printfa.o(i._printf_core)
    _printf_core                             0x080044e5   Thumb Code  1762  printfa.o(i._printf_core)
    i._printf_post_padding                   0x08004bd4   Section        0  printfa.o(i._printf_post_padding)
    _printf_post_padding                     0x08004bd5   Thumb Code    38  printfa.o(i._printf_post_padding)
    i._printf_pre_padding                    0x08004bfa   Section        0  printfa.o(i._printf_pre_padding)
    _printf_pre_padding                      0x08004bfb   Thumb Code    48  printfa.o(i._printf_pre_padding)
    i.getc                                   0x08004c2a   Section        0  getc.o(i.getc)
    .data                                    0x20000000   Section       16  main.o(.data)
    .data                                    0x20000010   Section       32  stm32f10x_it.o(.data)
    .data                                    0x20000030   Section       20  system_stm32f10x.o(.data)
    .data                                    0x20000044   Section       20  stm32f10x_rcc.o(.data)
    APBAHBPrescTable                         0x20000044   Data          16  stm32f10x_rcc.o(.data)
    ADCPrescTable                            0x20000054   Data           4  stm32f10x_rcc.o(.data)
    .data                                    0x20000058   Section        4  stdin.o(.data)
    .data                                    0x2000005c   Section        4  stdout.o(.data)
    .bss                                     0x20000060   Section       48  bsp_adc.o(.bss)
    .bss                                     0x20000090   Section       96  car.o(.bss)
    STACK                                    0x200000f0   Section     1024  startup_stm32f10x_hd.o(STACK)

    Global Symbols

    Symbol Name                              Value     Ov Type        Size  Object(Section)

    BuildAttributes$$THM_ISAv4$P$D$K$B$S$PE$A:L22UL41UL21$X:L11$S22US41US21$IEEE1$IW$USESV6$~STKCKD$USESV7$~SHL$OTIME$ROPI$EBA8$MICROLIB$REQ8$PRES8$EABIv2 0x00000000   Number         0  anon$$obj.o ABSOLUTE
    __ARM_use_no_argv                        0x00000000   Number         0  main.o ABSOLUTE
    _printf_a                                0x00000000   Number         0  stubs.o ABSOLUTE
    _printf_c                                0x00000000   Number         0  stubs.o ABSOLUTE
    _printf_charcount                        0x00000000   Number         0  stubs.o ABSOLUTE
    _printf_d                                0x00000000   Number         0  stubs.o ABSOLUTE
    _printf_e                                0x00000000   Number         0  stubs.o ABSOLUTE
    _printf_f                                0x00000000   Number         0  stubs.o ABSOLUTE
    _printf_flags                            0x00000000   Number         0  stubs.o ABSOLUTE
    _printf_fp_dec                           0x00000000   Number         0  stubs.o ABSOLUTE
    _printf_fp_hex                           0x00000000   Number         0  stubs.o ABSOLUTE
    _printf_g                                0x00000000   Number         0  stubs.o ABSOLUTE
    _printf_i                                0x00000000   Number         0  stubs.o ABSOLUTE
    _printf_int_dec                          0x00000000   Number         0  stubs.o ABSOLUTE
    _printf_l                                0x00000000   Number         0  stubs.o ABSOLUTE
    _printf_lc                               0x00000000   Number         0  stubs.o ABSOLUTE
    _printf_ll                               0x00000000   Number         0  stubs.o ABSOLUTE
    _printf_lld                              0x00000000   Number         0  stubs.o ABSOLUTE
    _printf_lli                              0x00000000   Number         0  stubs.o ABSOLUTE
    _printf_llo                              0x00000000   Number         0  stubs.o ABSOLUTE
    _printf_llu                              0x00000000   Number         0  stubs.o ABSOLUTE
    _printf_llx                              0x00000000   Number         0  stubs.o ABSOLUTE
    _printf_longlong_dec                     0x00000000   Number         0  stubs.o ABSOLUTE
    _printf_longlong_hex                     0x00000000   Number         0  stubs.o ABSOLUTE
    _printf_longlong_oct                     0x00000000   Number         0  stubs.o ABSOLUTE
    _printf_ls                               0x00000000   Number         0  stubs.o ABSOLUTE
    _printf_mbtowc                           0x00000000   Number         0  stubs.o ABSOLUTE
    _printf_n                                0x00000000   Number         0  stubs.o ABSOLUTE
    _printf_o                                0x00000000   Number         0  stubs.o ABSOLUTE
    _printf_p                                0x00000000   Number         0  stubs.o ABSOLUTE
    _printf_percent                          0x00000000   Number         0  stubs.o ABSOLUTE
    _printf_pre_padding                      0x00000000   Number         0  stubs.o ABSOLUTE
    _printf_return_value                     0x00000000   Number         0  stubs.o ABSOLUTE
    _printf_s                                0x00000000   Number         0  stubs.o ABSOLUTE
    _printf_sizespec                         0x00000000   Number         0  stubs.o ABSOLUTE
    _printf_str                              0x00000000   Number         0  stubs.o ABSOLUTE
    _printf_truncate_signed                  0x00000000   Number         0  stubs.o ABSOLUTE
    _printf_truncate_unsigned                0x00000000   Number         0  stubs.o ABSOLUTE
    _printf_u                                0x00000000   Number         0  stubs.o ABSOLUTE
    _printf_wc                               0x00000000   Number         0  stubs.o ABSOLUTE
    _printf_wctomb                           0x00000000   Number         0  stubs.o ABSOLUTE
    _printf_widthprec                        0x00000000   Number         0  stubs.o ABSOLUTE
    _printf_x                                0x00000000   Number         0  stubs.o ABSOLUTE
    __cpp_initialize__aeabi_                  - Undefined Weak Reference
    __cxa_finalize                            - Undefined Weak Reference
    __decompress                              - Undefined Weak Reference
    _clock_init                               - Undefined Weak Reference
    _microlib_exit                            - Undefined Weak Reference
    __Vectors_Size                           0x00000130   Number         0  startup_stm32f10x_hd.o ABSOLUTE
    __Vectors                                0x08000000   Data           4  startup_stm32f10x_hd.o(RESET)
    __Vectors_End                            0x08000130   Data           0  startup_stm32f10x_hd.o(RESET)
    __main                                   0x08000131   Thumb Code     0  entry.o(.ARM.Collect$$$$00000000)
    _main_stk                                0x08000131   Thumb Code     0  entry2.o(.ARM.Collect$$$$00000001)
    _main_scatterload                        0x08000135   Thumb Code     0  entry5.o(.ARM.Collect$$$$00000004)
    __main_after_scatterload                 0x08000139   Thumb Code     0  entry5.o(.ARM.Collect$$$$00000004)
    _main_clock                              0x08000139   Thumb Code     0  entry7b.o(.ARM.Collect$$$$00000008)
    _main_cpp_init                           0x08000139   Thumb Code     0  entry8b.o(.ARM.Collect$$$$0000000A)
    _main_init                               0x08000139   Thumb Code     0  entry9a.o(.ARM.Collect$$$$0000000B)
    __rt_final_cpp                           0x08000141   Thumb Code     0  entry10a.o(.ARM.Collect$$$$0000000D)
    __rt_final_exit                          0x08000141   Thumb Code     0  entry11a.o(.ARM.Collect$$$$0000000F)
    Reset_Handler                            0x08000145   Thumb Code     8  startup_stm32f10x_hd.o(.text)
    ADC1_2_IRQHandler                        0x0800015f   Thumb Code     0  startup_stm32f10x_hd.o(.text)
    ADC3_IRQHandler                          0x0800015f   Thumb Code     0  startup_stm32f10x_hd.o(.text)
    CAN1_RX1_IRQHandler                      0x0800015f   Thumb Code     0  startup_stm32f10x_hd.o(.text)
    CAN1_SCE_IRQHandler                      0x0800015f   Thumb Code     0  startup_stm32f10x_hd.o(.text)
    DMA1_Channel1_IRQHandler                 0x0800015f   Thumb Code     0  startup_stm32f10x_hd.o(.text)
    DMA1_Channel2_IRQHandler                 0x0800015f   Thumb Code     0  startup_stm32f10x_hd.o(.text)
    DMA1_Channel3_IRQHandler                 0x0800015f   Thumb Code     0  startup_stm32f10x_hd.o(.text)
    DMA1_Channel4_IRQHandler                 0x0800015f   Thumb Code     0  startup_stm32f10x_hd.o(.text)
    DMA1_Channel5_IRQHandler                 0x0800015f   Thumb Code     0  startup_stm32f10x_hd.o(.text)
    DMA1_Channel6_IRQHandler                 0x0800015f   Thumb Code     0  startup_stm32f10x_hd.o(.text)
    DMA1_Channel7_IRQHandler                 0x0800015f   Thumb Code     0  startup_stm32f10x_hd.o(.text)
    DMA2_Channel1_IRQHandler                 0x0800015f   Thumb Code     0  startup_stm32f10x_hd.o(.text)
    DMA2_Channel2_IRQHandler                 0x0800015f   Thumb Code     0  startup_stm32f10x_hd.o(.text)
    DMA2_Channel3_IRQHandler                 0x0800015f   Thumb Code     0  startup_stm32f10x_hd.o(.text)
    DMA2_Channel4_5_IRQHandler               0x0800015f   Thumb Code     0  startup_stm32f10x_hd.o(.text)
    EXTI0_IRQHandler                         0x0800015f   Thumb Code     0  startup_stm32f10x_hd.o(.text)
    EXTI15_10_IRQHandler                     0x0800015f   Thumb Code     0  startup_stm32f10x_hd.o(.text)
    EXTI1_IRQHandler                         0x0800015f   Thumb Code     0  startup_stm32f10x_hd.o(.text)
    EXTI2_IRQHandler                         0x0800015f   Thumb Code     0  startup_stm32f10x_hd.o(.text)
    EXTI3_IRQHandler                         0x0800015f   Thumb Code     0  startup_stm32f10x_hd.o(.text)
    EXTI4_IRQHandler                         0x0800015f   Thumb Code     0  startup_stm32f10x_hd.o(.text)
    EXTI9_5_IRQHandler                       0x0800015f   Thumb Code     0  startup_stm32f10x_hd.o(.text)
    FLASH_IRQHandler                         0x0800015f   Thumb Code     0  startup_stm32f10x_hd.o(.text)
    FSMC_IRQHandler                          0x0800015f   Thumb Code     0  startup_stm32f10x_hd.o(.text)
    I2C1_ER_IRQHandler                       0x0800015f   Thumb Code     0  startup_stm32f10x_hd.o(.text)
    I2C1_EV_IRQHandler                       0x0800015f   Thumb Code     0  startup_stm32f10x_hd.o(.text)
    I2C2_ER_IRQHandler                       0x0800015f   Thumb Code     0  startup_stm32f10x_hd.o(.text)
    I2C2_EV_IRQHandler                       0x0800015f   Thumb Code     0  startup_stm32f10x_hd.o(.text)
    PVD_IRQHandler                           0x0800015f   Thumb Code     0  startup_stm32f10x_hd.o(.text)
    RCC_IRQHandler                           0x0800015f   Thumb Code     0  startup_stm32f10x_hd.o(.text)
    RTCAlarm_IRQHandler                      0x0800015f   Thumb Code     0  startup_stm32f10x_hd.o(.text)
    RTC_IRQHandler                           0x0800015f   Thumb Code     0  startup_stm32f10x_hd.o(.text)
    SDIO_IRQHandler                          0x0800015f   Thumb Code     0  startup_stm32f10x_hd.o(.text)
    SPI1_IRQHandler                          0x0800015f   Thumb Code     0  startup_stm32f10x_hd.o(.text)
    SPI2_IRQHandler                          0x0800015f   Thumb Code     0  startup_stm32f10x_hd.o(.text)
    SPI3_IRQHandler                          0x0800015f   Thumb Code     0  startup_stm32f10x_hd.o(.text)
    TAMPER_IRQHandler                        0x0800015f   Thumb Code     0  startup_stm32f10x_hd.o(.text)
    TIM1_BRK_IRQHandler                      0x0800015f   Thumb Code     0  startup_stm32f10x_hd.o(.text)
    TIM1_CC_IRQHandler                       0x0800015f   Thumb Code     0  startup_stm32f10x_hd.o(.text)
    TIM1_TRG_COM_IRQHandler                  0x0800015f   Thumb Code     0  startup_stm32f10x_hd.o(.text)
    TIM1_UP_IRQHandler                       0x0800015f   Thumb Code     0  startup_stm32f10x_hd.o(.text)
    TIM2_IRQHandler                          0x0800015f   Thumb Code     0  startup_stm32f10x_hd.o(.text)
    TIM3_IRQHandler                          0x0800015f   Thumb Code     0  startup_stm32f10x_hd.o(.text)
    TIM5_IRQHandler                          0x0800015f   Thumb Code     0  startup_stm32f10x_hd.o(.text)
    TIM6_IRQHandler                          0x0800015f   Thumb Code     0  startup_stm32f10x_hd.o(.text)
    TIM7_IRQHandler                          0x0800015f   Thumb Code     0  startup_stm32f10x_hd.o(.text)
    TIM8_BRK_IRQHandler                      0x0800015f   Thumb Code     0  startup_stm32f10x_hd.o(.text)
    TIM8_CC_IRQHandler                       0x0800015f   Thumb Code     0  startup_stm32f10x_hd.o(.text)
    TIM8_TRG_COM_IRQHandler                  0x0800015f   Thumb Code     0  startup_stm32f10x_hd.o(.text)
    TIM8_UP_IRQHandler                       0x0800015f   Thumb Code     0  startup_stm32f10x_hd.o(.text)
    UART4_IRQHandler                         0x0800015f   Thumb Code     0  startup_stm32f10x_hd.o(.text)
    UART5_IRQHandler                         0x0800015f   Thumb Code     0  startup_stm32f10x_hd.o(.text)
    USART2_IRQHandler                        0x0800015f   Thumb Code     0  startup_stm32f10x_hd.o(.text)
    USART3_IRQHandler                        0x0800015f   Thumb Code     0  startup_stm32f10x_hd.o(.text)
    USBWakeUp_IRQHandler                     0x0800015f   Thumb Code     0  startup_stm32f10x_hd.o(.text)
    USB_HP_CAN1_TX_IRQHandler                0x0800015f   Thumb Code     0  startup_stm32f10x_hd.o(.text)
    USB_LP_CAN1_RX0_IRQHandler               0x0800015f   Thumb Code     0  startup_stm32f10x_hd.o(.text)
    WWDG_IRQHandler                          0x0800015f   Thumb Code     0  startup_stm32f10x_hd.o(.text)
    main                                     0x08000169   Thumb Code    20  main.o(.text)
    NMI_Handler                              0x0800017d   Thumb Code     2  stm32f10x_it.o(.text)
    HardFault_Handler                        0x0800017f   Thumb Code     4  stm32f10x_it.o(.text)
    MemManage_Handler                        0x08000183   Thumb Code     4  stm32f10x_it.o(.text)
    BusFault_Handler                         0x08000187   Thumb Code     4  stm32f10x_it.o(.text)
    UsageFault_Handler                       0x0800018b   Thumb Code     4  stm32f10x_it.o(.text)
    SVC_Handler                              0x0800018f   Thumb Code     2  stm32f10x_it.o(.text)
    DebugMon_Handler                         0x08000191   Thumb Code     2  stm32f10x_it.o(.text)
    PendSV_Handler                           0x08000193   Thumb Code     2  stm32f10x_it.o(.text)
    SysTick_Handler                          0x08000195   Thumb Code     2  stm32f10x_it.o(.text)
    USART1_IRQHandler                        0x08000197   Thumb Code   108  stm32f10x_it.o(.text)
    TIM4_IRQHandler                          0x08000203   Thumb Code   800  stm32f10x_it.o(.text)
    USART_Config                             0x080005cb   Thumb Code   136  bsp_usart.o(.text)
    Usart_SendByte                           0x08000653   Thumb Code    30  bsp_usart.o(.text)
    Usart_SendHalfWord                       0x08000671   Thumb Code    60  bsp_usart.o(.text)
    Usart_SendArray                          0x080006ad   Thumb Code    48  bsp_usart.o(.text)
    Usart_SendStr                            0x080006dd   Thumb Code    44  bsp_usart.o(.text)
    fputc                                    0x08000709   Thumb Code    32  bsp_usart.o(.text)
    fgetc                                    0x08000729   Thumb Code    26  bsp_usart.o(.text)
    ADCx_Init                                0x080009f7   Thumb Code    12  bsp_adc.o(.text)
    PWM_PA0                                  0x08000c85   Thumb Code    46  bsp_generaltim.o(.text)
    PWM_PA1                                  0x08000cb3   Thumb Code    46  bsp_generaltim.o(.text)
    PWM_PA2                                  0x08000ce1   Thumb Code    46  bsp_generaltim.o(.text)
    PWM_PA3                                  0x08000d0f   Thumb Code    46  bsp_generaltim.o(.text)
    PWM_PA4                                  0x08000d3d   Thumb Code    46  bsp_generaltim.o(.text)
    PWM_PA5                                  0x08000d6b   Thumb Code    46  bsp_generaltim.o(.text)
    PWM_PA6                                  0x08000d99   Thumb Code    46  bsp_generaltim.o(.text)
    PWM_PA7                                  0x08000dc7   Thumb Code    46  bsp_generaltim.o(.text)
    PWM_Init                                 0x08000df5   Thumb Code    12  bsp_generaltim.o(.text)
    GENERAL_TIM_Init                         0x08000e01   Thumb Code    20  bsp_generaltim.o(.text)
    TIM_Init                                 0x08000fdf   Thumb Code    20  measuretim.o(.text)
    Delay                                    0x08001001   Thumb Code    18  car.o(.text)
    CAR_Go                                   0x080019c1   Thumb Code    22  car.o(.text)
    CAR_Down                                 0x080019d7   Thumb Code    22  car.o(.text)
    CAR_Left                                 0x080019ed   Thumb Code    22  car.o(.text)
    CAR_Right                                0x08001a03   Thumb Code    22  car.o(.text)
    SystemInit                               0x08001b09   Thumb Code    78  system_stm32f10x.o(.text)
    SystemCoreClockUpdate                    0x08001b57   Thumb Code   142  system_stm32f10x.o(.text)
    NVIC_PriorityGroupConfig                 0x08001c09   Thumb Code    10  misc.o(.text)
    NVIC_Init                                0x08001c13   Thumb Code   102  misc.o(.text)
    NVIC_SetVectorTable                      0x08001c79   Thumb Code    14  misc.o(.text)
    NVIC_SystemLPConfig                      0x08001c87   Thumb Code    34  misc.o(.text)
    SysTick_CLKSourceConfig                  0x08001ca9   Thumb Code    40  misc.o(.text)
    ADC_DeInit                               0x08001ce5   Thumb Code    78  stm32f10x_adc.o(.text)
    ADC_Init                                 0x08001d33   Thumb Code    70  stm32f10x_adc.o(.text)
    ADC_StructInit                           0x08001d79   Thumb Code    18  stm32f10x_adc.o(.text)
    ADC_Cmd                                  0x08001d8b   Thumb Code    22  stm32f10x_adc.o(.text)
    ADC_DMACmd                               0x08001da1   Thumb Code    22  stm32f10x_adc.o(.text)
    ADC_ITConfig                             0x08001db7   Thumb Code    24  stm32f10x_adc.o(.text)
    ADC_ResetCalibration                     0x08001dcf   Thumb Code    10  stm32f10x_adc.o(.text)
    ADC_GetResetCalibrationStatus            0x08001dd9   Thumb Code    20  stm32f10x_adc.o(.text)
    ADC_StartCalibration                     0x08001ded   Thumb Code    10  stm32f10x_adc.o(.text)
    ADC_GetCalibrationStatus                 0x08001df7   Thumb Code    20  stm32f10x_adc.o(.text)
    ADC_SoftwareStartConvCmd                 0x08001e0b   Thumb Code    22  stm32f10x_adc.o(.text)
    ADC_GetSoftwareStartConvStatus           0x08001e21   Thumb Code    20  stm32f10x_adc.o(.text)
    ADC_DiscModeChannelCountConfig           0x08001e35   Thumb Code    24  stm32f10x_adc.o(.text)
    ADC_DiscModeCmd                          0x08001e4d   Thumb Code    22  stm32f10x_adc.o(.text)
    ADC_RegularChannelConfig                 0x08001e63   Thumb Code   184  stm32f10x_adc.o(.text)
    ADC_ExternalTrigConvCmd                  0x08001f1b   Thumb Code    22  stm32f10x_adc.o(.text)
    ADC_GetConversionValue                   0x08001f31   Thumb Code     8  stm32f10x_adc.o(.text)
    ADC_GetDualModeConversionValue           0x08001f39   Thumb Code     8  stm32f10x_adc.o(.text)
    ADC_AutoInjectedConvCmd                  0x08001f41   Thumb Code    22  stm32f10x_adc.o(.text)
    ADC_InjectedDiscModeCmd                  0x08001f57   Thumb Code    22  stm32f10x_adc.o(.text)
    ADC_ExternalTrigInjectedConvConfig       0x08001f6d   Thumb Code    16  stm32f10x_adc.o(.text)
    ADC_ExternalTrigInjectedConvCmd          0x08001f7d   Thumb Code    22  stm32f10x_adc.o(.text)
    ADC_SoftwareStartInjectedConvCmd         0x08001f93   Thumb Code    22  stm32f10x_adc.o(.text)
    ADC_GetSoftwareStartInjectedConvCmdStatus 0x08001fa9   Thumb Code    20  stm32f10x_adc.o(.text)
    ADC_InjectedChannelConfig                0x08001fbd   Thumb Code   130  stm32f10x_adc.o(.text)
    ADC_InjectedSequencerLengthConfig        0x0800203f   Thumb Code    24  stm32f10x_adc.o(.text)
    ADC_SetInjectedOffset                    0x08002057   Thumb Code    20  stm32f10x_adc.o(.text)
    ADC_GetInjectedConversionValue           0x0800206b   Thumb Code    28  stm32f10x_adc.o(.text)
    ADC_AnalogWatchdogCmd                    0x08002087   Thumb Code    16  stm32f10x_adc.o(.text)
    ADC_AnalogWatchdogThresholdsConfig       0x08002097   Thumb Code     6  stm32f10x_adc.o(.text)
    ADC_AnalogWatchdogSingleChannelConfig    0x0800209d   Thumb Code    16  stm32f10x_adc.o(.text)
    ADC_TempSensorVrefintCmd                 0x080020ad   Thumb Code    64  stm32f10x_adc.o(.text)
    ADC_GetFlagStatus                        0x080020ed   Thumb Code    18  stm32f10x_adc.o(.text)
    ADC_ClearFlag                            0x080020ff   Thumb Code     6  stm32f10x_adc.o(.text)
    ADC_GetITStatus                          0x08002105   Thumb Code    36  stm32f10x_adc.o(.text)
    ADC_ClearITPendingBit                    0x08002129   Thumb Code    10  stm32f10x_adc.o(.text)
    DMA_DeInit                               0x08002135   Thumb Code   324  stm32f10x_dma.o(.text)
    DMA_Init                                 0x08002279   Thumb Code    60  stm32f10x_dma.o(.text)
    DMA_StructInit                           0x080022b5   Thumb Code    26  stm32f10x_dma.o(.text)
    DMA_Cmd                                  0x080022cf   Thumb Code    24  stm32f10x_dma.o(.text)
    DMA_ITConfig                             0x080022e7   Thumb Code    18  stm32f10x_dma.o(.text)
    DMA_SetCurrDataCounter                   0x080022f9   Thumb Code     4  stm32f10x_dma.o(.text)
    DMA_GetCurrDataCounter                   0x080022fd   Thumb Code     8  stm32f10x_dma.o(.text)
    DMA_GetFlagStatus                        0x08002305   Thumb Code    38  stm32f10x_dma.o(.text)
    DMA_ClearFlag                            0x0800232b   Thumb Code    22  stm32f10x_dma.o(.text)
    DMA_GetITStatus                          0x08002341   Thumb Code    38  stm32f10x_dma.o(.text)
    DMA_ClearITPendingBit                    0x08002367   Thumb Code    22  stm32f10x_dma.o(.text)
    GPIO_DeInit                              0x08002385   Thumb Code   172  stm32f10x_gpio.o(.text)
    GPIO_AFIODeInit                          0x08002431   Thumb Code    20  stm32f10x_gpio.o(.text)
    GPIO_Init                                0x08002445   Thumb Code   274  stm32f10x_gpio.o(.text)
    GPIO_StructInit                          0x08002557   Thumb Code    16  stm32f10x_gpio.o(.text)
    GPIO_ReadInputDataBit                    0x08002567   Thumb Code    18  stm32f10x_gpio.o(.text)
    GPIO_ReadInputData                       0x08002579   Thumb Code     8  stm32f10x_gpio.o(.text)
    GPIO_ReadOutputDataBit                   0x08002581   Thumb Code    18  stm32f10x_gpio.o(.text)
    GPIO_ReadOutputData                      0x08002593   Thumb Code     8  stm32f10x_gpio.o(.text)
    GPIO_SetBits                             0x0800259b   Thumb Code     4  stm32f10x_gpio.o(.text)
    GPIO_ResetBits                           0x0800259f   Thumb Code     4  stm32f10x_gpio.o(.text)
    GPIO_WriteBit                            0x080025a3   Thumb Code    10  stm32f10x_gpio.o(.text)
    GPIO_Write                               0x080025ad   Thumb Code     4  stm32f10x_gpio.o(.text)
    GPIO_PinLockConfig                       0x080025b1   Thumb Code    18  stm32f10x_gpio.o(.text)
    GPIO_EventOutputConfig                   0x080025c3   Thumb Code    26  stm32f10x_gpio.o(.text)
    GPIO_EventOutputCmd                      0x080025dd   Thumb Code     6  stm32f10x_gpio.o(.text)
    GPIO_PinRemapConfig                      0x080025e3   Thumb Code   138  stm32f10x_gpio.o(.text)
    GPIO_EXTILineConfig                      0x0800266d   Thumb Code    66  stm32f10x_gpio.o(.text)
    GPIO_ETH_MediaInterfaceConfig            0x080026af   Thumb Code     6  stm32f10x_gpio.o(.text)
    RCC_DeInit                               0x080026dd   Thumb Code    64  stm32f10x_rcc.o(.text)
    RCC_HSEConfig                            0x0800271d   Thumb Code    70  stm32f10x_rcc.o(.text)
    RCC_GetFlagStatus                        0x08002763   Thumb Code    56  stm32f10x_rcc.o(.text)
    RCC_WaitForHSEStartUp                    0x0800279b   Thumb Code    56  stm32f10x_rcc.o(.text)
    RCC_AdjustHSICalibrationValue            0x080027d3   Thumb Code    20  stm32f10x_rcc.o(.text)
    RCC_HSICmd                               0x080027e7   Thumb Code     6  stm32f10x_rcc.o(.text)
    RCC_PLLConfig                            0x080027ed   Thumb Code    24  stm32f10x_rcc.o(.text)
    RCC_PLLCmd                               0x08002805   Thumb Code     6  stm32f10x_rcc.o(.text)
    RCC_SYSCLKConfig                         0x0800280b   Thumb Code    18  stm32f10x_rcc.o(.text)
    RCC_GetSYSCLKSource                      0x0800281d   Thumb Code    10  stm32f10x_rcc.o(.text)
    RCC_HCLKConfig                           0x08002827   Thumb Code    18  stm32f10x_rcc.o(.text)
    RCC_PCLK1Config                          0x08002839   Thumb Code    18  stm32f10x_rcc.o(.text)
    RCC_PCLK2Config                          0x0800284b   Thumb Code    20  stm32f10x_rcc.o(.text)
    RCC_ITConfig                             0x0800285f   Thumb Code    26  stm32f10x_rcc.o(.text)
    RCC_USBCLKConfig                         0x08002879   Thumb Code     6  stm32f10x_rcc.o(.text)
    RCC_ADCCLKConfig                         0x0800287f   Thumb Code    18  stm32f10x_rcc.o(.text)
    RCC_LSEConfig                            0x08002891   Thumb Code    44  stm32f10x_rcc.o(.text)
    RCC_LSICmd                               0x080028bd   Thumb Code     6  stm32f10x_rcc.o(.text)
    RCC_RTCCLKConfig                         0x080028c3   Thumb Code    12  stm32f10x_rcc.o(.text)
    RCC_RTCCLKCmd                            0x080028cf   Thumb Code     8  stm32f10x_rcc.o(.text)
    RCC_GetClocksFreq                        0x080028d7   Thumb Code   192  stm32f10x_rcc.o(.text)
    RCC_AHBPeriphClockCmd                    0x08002997   Thumb Code    26  stm32f10x_rcc.o(.text)
    RCC_APB2PeriphClockCmd                   0x080029b1   Thumb Code    26  stm32f10x_rcc.o(.text)
    RCC_APB1PeriphClockCmd                   0x080029cb   Thumb Code    26  stm32f10x_rcc.o(.text)
    RCC_APB2PeriphResetCmd                   0x080029e5   Thumb Code    26  stm32f10x_rcc.o(.text)
    RCC_APB1PeriphResetCmd                   0x080029ff   Thumb Code    26  stm32f10x_rcc.o(.text)
    RCC_BackupResetCmd                       0x08002a19   Thumb Code     8  stm32f10x_rcc.o(.text)
    RCC_ClockSecuritySystemCmd               0x08002a21   Thumb Code     6  stm32f10x_rcc.o(.text)
    RCC_MCOConfig                            0x08002a27   Thumb Code     6  stm32f10x_rcc.o(.text)
    RCC_ClearFlag                            0x08002a2d   Thumb Code    14  stm32f10x_rcc.o(.text)
    RCC_GetITStatus                          0x08002a3b   Thumb Code    20  stm32f10x_rcc.o(.text)
    RCC_ClearITPendingBit                    0x08002a4f   Thumb Code     6  stm32f10x_rcc.o(.text)
    TIM_DeInit                               0x08002a81   Thumb Code   424  stm32f10x_tim.o(.text)
    TIM_TimeBaseInit                         0x08002c29   Thumb Code   122  stm32f10x_tim.o(.text)
    TIM_OC1Init                              0x08002ca3   Thumb Code   132  stm32f10x_tim.o(.text)
    TIM_OC2Init                              0x08002d27   Thumb Code   154  stm32f10x_tim.o(.text)
    TIM_OC3Init                              0x08002dc1   Thumb Code   150  stm32f10x_tim.o(.text)
    TIM_OC4Init                              0x08002e57   Thumb Code   182  stm32f10x_tim.o(.text)
    TIM_SetIC4Prescaler                      0x08002f0d   Thumb Code    26  stm32f10x_tim.o(.text)
    TIM_SetIC3Prescaler                      0x08002fa9   Thumb Code    18  stm32f10x_tim.o(.text)
    TIM_SetIC2Prescaler                      0x08003035   Thumb Code    26  stm32f10x_tim.o(.text)
    TIM_SetIC1Prescaler                      0x080030d1   Thumb Code    18  stm32f10x_tim.o(.text)
    TIM_ICInit                               0x0800314f   Thumb Code   150  stm32f10x_tim.o(.text)
    TIM_PWMIConfig                           0x080031e5   Thumb Code   124  stm32f10x_tim.o(.text)
    TIM_BDTRConfig                           0x08003261   Thumb Code    32  stm32f10x_tim.o(.text)
    TIM_TimeBaseStructInit                   0x08003281   Thumb Code    18  stm32f10x_tim.o(.text)
    TIM_OCStructInit                         0x08003293   Thumb Code    20  stm32f10x_tim.o(.text)
    TIM_ICStructInit                         0x080032a7   Thumb Code    18  stm32f10x_tim.o(.text)
    TIM_BDTRStructInit                       0x080032b9   Thumb Code    40  stm32f10x_tim.o(.text)
    TIM_Cmd                                  0x080032e1   Thumb Code    24  stm32f10x_tim.o(.text)
    TIM_CtrlPWMOutputs                       0x080032f9   Thumb Code    30  stm32f10x_tim.o(.text)
    TIM_ITConfig                             0x08003317   Thumb Code    18  stm32f10x_tim.o(.text)
    TIM_GenerateEvent                        0x08003329   Thumb Code     4  stm32f10x_tim.o(.text)
    TIM_DMAConfig                            0x0800332d   Thumb Code    10  stm32f10x_tim.o(.text)
    TIM_DMACmd                               0x08003337   Thumb Code    18  stm32f10x_tim.o(.text)
    TIM_InternalClockConfig                  0x08003349   Thumb Code    12  stm32f10x_tim.o(.text)
    TIM_SelectInputTrigger                   0x08003355   Thumb Code    18  stm32f10x_tim.o(.text)
    TIM_ITRxExternalClockConfig              0x08003367   Thumb Code    24  stm32f10x_tim.o(.text)
    TIM_TIxExternalClockConfig               0x0800337f   Thumb Code    62  stm32f10x_tim.o(.text)
    TIM_ETRConfig                            0x080033bd   Thumb Code    28  stm32f10x_tim.o(.text)
    TIM_ETRClockMode1Config                  0x080033d9   Thumb Code    54  stm32f10x_tim.o(.text)
    TIM_ETRClockMode2Config                  0x0800340f   Thumb Code    32  stm32f10x_tim.o(.text)
    TIM_PrescalerConfig                      0x0800342f   Thumb Code     6  stm32f10x_tim.o(.text)
    TIM_CounterModeConfig                    0x08003435   Thumb Code    18  stm32f10x_tim.o(.text)
    TIM_EncoderInterfaceConfig               0x08003447   Thumb Code    66  stm32f10x_tim.o(.text)
    TIM_ForcedOC1Config                      0x08003489   Thumb Code    18  stm32f10x_tim.o(.text)
    TIM_ForcedOC2Config                      0x0800349b   Thumb Code    26  stm32f10x_tim.o(.text)
    TIM_ForcedOC3Config                      0x080034b5   Thumb Code    18  stm32f10x_tim.o(.text)
    TIM_ForcedOC4Config                      0x080034c7   Thumb Code    26  stm32f10x_tim.o(.text)
    TIM_ARRPreloadConfig                     0x080034e1   Thumb Code    24  stm32f10x_tim.o(.text)
    TIM_SelectCOM                            0x080034f9   Thumb Code    24  stm32f10x_tim.o(.text)
    TIM_SelectCCDMA                          0x08003511   Thumb Code    24  stm32f10x_tim.o(.text)
    TIM_CCPreloadControl                     0x08003529   Thumb Code    24  stm32f10x_tim.o(.text)
    TIM_OC1PreloadConfig                     0x08003541   Thumb Code    18  stm32f10x_tim.o(.text)
    TIM_OC2PreloadConfig                     0x08003553   Thumb Code    26  stm32f10x_tim.o(.text)
    TIM_OC3PreloadConfig                     0x0800356d   Thumb Code    18  stm32f10x_tim.o(.text)
    TIM_OC4PreloadConfig                     0x0800357f   Thumb Code    26  stm32f10x_tim.o(.text)
    TIM_OC1FastConfig                        0x08003599   Thumb Code    18  stm32f10x_tim.o(.text)
    TIM_OC2FastConfig                        0x080035ab   Thumb Code    26  stm32f10x_tim.o(.text)
    TIM_OC3FastConfig                        0x080035c5   Thumb Code    18  stm32f10x_tim.o(.text)
    TIM_OC4FastConfig                        0x080035d7   Thumb Code    26  stm32f10x_tim.o(.text)
    TIM_ClearOC1Ref                          0x080035f1   Thumb Code    18  stm32f10x_tim.o(.text)
    TIM_ClearOC2Ref                          0x08003603   Thumb Code    24  stm32f10x_tim.o(.text)
    TIM_ClearOC3Ref                          0x0800361b   Thumb Code    18  stm32f10x_tim.o(.text)
    TIM_ClearOC4Ref                          0x0800362d   Thumb Code    24  stm32f10x_tim.o(.text)
    TIM_OC1PolarityConfig                    0x08003645   Thumb Code    18  stm32f10x_tim.o(.text)
    TIM_OC1NPolarityConfig                   0x08003657   Thumb Code    18  stm32f10x_tim.o(.text)
    TIM_OC2PolarityConfig                    0x08003669   Thumb Code    26  stm32f10x_tim.o(.text)
    TIM_OC2NPolarityConfig                   0x08003683   Thumb Code    26  stm32f10x_tim.o(.text)
    TIM_OC3PolarityConfig                    0x0800369d   Thumb Code    26  stm32f10x_tim.o(.text)
    TIM_OC3NPolarityConfig                   0x080036b7   Thumb Code    26  stm32f10x_tim.o(.text)
    TIM_OC4PolarityConfig                    0x080036d1   Thumb Code    26  stm32f10x_tim.o(.text)
    TIM_CCxCmd                               0x080036eb   Thumb Code    30  stm32f10x_tim.o(.text)
    TIM_CCxNCmd                              0x08003709   Thumb Code    30  stm32f10x_tim.o(.text)
    TIM_SelectOCxM                           0x08003727   Thumb Code    82  stm32f10x_tim.o(.text)
    TIM_UpdateDisableConfig                  0x08003779   Thumb Code    24  stm32f10x_tim.o(.text)
    TIM_UpdateRequestConfig                  0x08003791   Thumb Code    24  stm32f10x_tim.o(.text)
    TIM_SelectHallSensor                     0x080037a9   Thumb Code    24  stm32f10x_tim.o(.text)
    TIM_SelectOnePulseMode                   0x080037c1   Thumb Code    18  stm32f10x_tim.o(.text)
    TIM_SelectOutputTrigger                  0x080037d3   Thumb Code    18  stm32f10x_tim.o(.text)
    TIM_SelectSlaveMode                      0x080037e5   Thumb Code    18  stm32f10x_tim.o(.text)
    TIM_SelectMasterSlaveMode                0x080037f7   Thumb Code    18  stm32f10x_tim.o(.text)
    TIM_SetCounter                           0x08003809   Thumb Code     4  stm32f10x_tim.o(.text)
    TIM_SetAutoreload                        0x0800380d   Thumb Code     4  stm32f10x_tim.o(.text)
    TIM_SetCompare1                          0x08003811   Thumb Code     4  stm32f10x_tim.o(.text)
    TIM_SetCompare2                          0x08003815   Thumb Code     4  stm32f10x_tim.o(.text)
    TIM_SetCompare3                          0x08003819   Thumb Code     4  stm32f10x_tim.o(.text)
    TIM_SetCompare4                          0x0800381d   Thumb Code     6  stm32f10x_tim.o(.text)
    TIM_SetClockDivision                     0x08003823   Thumb Code    18  stm32f10x_tim.o(.text)
    TIM_GetCapture1                          0x08003835   Thumb Code     6  stm32f10x_tim.o(.text)
    TIM_GetCapture2                          0x0800383b   Thumb Code     6  stm32f10x_tim.o(.text)
    TIM_GetCapture3                          0x08003841   Thumb Code     6  stm32f10x_tim.o(.text)
    TIM_GetCapture4                          0x08003847   Thumb Code     8  stm32f10x_tim.o(.text)
    TIM_GetCounter                           0x0800384f   Thumb Code     6  stm32f10x_tim.o(.text)
    TIM_GetPrescaler                         0x08003855   Thumb Code     6  stm32f10x_tim.o(.text)
    TIM_GetFlagStatus                        0x0800385b   Thumb Code    18  stm32f10x_tim.o(.text)
    TIM_ClearFlag                            0x0800386d   Thumb Code     6  stm32f10x_tim.o(.text)
    TIM_GetITStatus                          0x08003873   Thumb Code    34  stm32f10x_tim.o(.text)
    TIM_ClearITPendingBit                    0x08003895   Thumb Code     6  stm32f10x_tim.o(.text)
    USART_DeInit                             0x0800389d   Thumb Code   134  stm32f10x_usart.o(.text)
    USART_Init                               0x08003923   Thumb Code   210  stm32f10x_usart.o(.text)
    USART_StructInit                         0x080039f5   Thumb Code    24  stm32f10x_usart.o(.text)
    USART_ClockInit                          0x08003a0d   Thumb Code    34  stm32f10x_usart.o(.text)
    USART_ClockStructInit                    0x08003a2f   Thumb Code    12  stm32f10x_usart.o(.text)
    USART_Cmd                                0x08003a3b   Thumb Code    24  stm32f10x_usart.o(.text)
    USART_ITConfig                           0x08003a53   Thumb Code    74  stm32f10x_usart.o(.text)
    USART_DMACmd                             0x08003a9d   Thumb Code    18  stm32f10x_usart.o(.text)
    USART_SetAddress                         0x08003aaf   Thumb Code    18  stm32f10x_usart.o(.text)
    USART_WakeUpConfig                       0x08003ac1   Thumb Code    18  stm32f10x_usart.o(.text)
    USART_ReceiverWakeUpCmd                  0x08003ad3   Thumb Code    24  stm32f10x_usart.o(.text)
    USART_LINBreakDetectLengthConfig         0x08003aeb   Thumb Code    18  stm32f10x_usart.o(.text)
    USART_LINCmd                             0x08003afd   Thumb Code    24  stm32f10x_usart.o(.text)
    USART_SendData                           0x08003b15   Thumb Code     8  stm32f10x_usart.o(.text)
    USART_ReceiveData                        0x08003b1d   Thumb Code    10  stm32f10x_usart.o(.text)
    USART_SendBreak                          0x08003b27   Thumb Code    10  stm32f10x_usart.o(.text)
    USART_SetGuardTime                       0x08003b31   Thumb Code    16  stm32f10x_usart.o(.text)
    USART_SetPrescaler                       0x08003b41   Thumb Code    16  stm32f10x_usart.o(.text)
    USART_SmartCardCmd                       0x08003b51   Thumb Code    24  stm32f10x_usart.o(.text)
    USART_SmartCardNACKCmd                   0x08003b69   Thumb Code    24  stm32f10x_usart.o(.text)
    USART_HalfDuplexCmd                      0x08003b81   Thumb Code    24  stm32f10x_usart.o(.text)
    USART_OverSampling8Cmd                   0x08003b99   Thumb Code    22  stm32f10x_usart.o(.text)
    USART_OneBitMethodCmd                    0x08003baf   Thumb Code    24  stm32f10x_usart.o(.text)
    USART_IrDAConfig                         0x08003bc7   Thumb Code    18  stm32f10x_usart.o(.text)
    USART_IrDACmd                            0x08003bd9   Thumb Code    24  stm32f10x_usart.o(.text)
    USART_GetFlagStatus                      0x08003bf1   Thumb Code    26  stm32f10x_usart.o(.text)
    USART_ClearFlag                          0x08003c0b   Thumb Code    18  stm32f10x_usart.o(.text)
    USART_GetITStatus                        0x08003c1d   Thumb Code    84  stm32f10x_usart.o(.text)
    USART_ClearITPendingBit                  0x08003c71   Thumb Code    52  stm32f10x_usart.o(.text)
    __aeabi_fdiv                             0x08003ca5   Thumb Code   128  fdiv.o(.text)
    __aeabi_dmul                             0x08003d25   Thumb Code   228  dmul.o(.text)
    __aeabi_ui2f                             0x08003e09   Thumb Code    10  ffltui.o(.text)
    __aeabi_f2d                              0x08003e13   Thumb Code    38  f2d.o(.text)
    __aeabi_d2f                              0x08003e39   Thumb Code    56  d2f.o(.text)
    __aeabi_cfrcmple                         0x08003e71   Thumb Code    20  cfrcmple.o(.text)
    __aeabi_uidiv                            0x08003e85   Thumb Code     0  uidiv.o(.text)
    __aeabi_uidivmod                         0x08003e85   Thumb Code    44  uidiv.o(.text)
    __aeabi_uldivmod                         0x08003eb1   Thumb Code    98  uldiv.o(.text)
    __I$use$fp                               0x08003f13   Thumb Code     0  iusefp.o(.text)
    _float_round                             0x08003f13   Thumb Code    18  fepilogue.o(.text)
    _float_epilogue                          0x08003f25   Thumb Code    90  fepilogue.o(.text)
    _double_round                            0x08003f7f   Thumb Code    26  depilogue.o(.text)
    _double_epilogue                         0x08003f99   Thumb Code   164  depilogue.o(.text)
    __aeabi_dadd                             0x0800403d   Thumb Code   322  dadd.o(.text)
    __aeabi_dsub                             0x0800417f   Thumb Code     6  dadd.o(.text)
    __aeabi_drsub                            0x08004185   Thumb Code     6  dadd.o(.text)
    __aeabi_ddiv                             0x0800418b   Thumb Code   222  ddiv.o(.text)
    __aeabi_d2ulz                            0x08004269   Thumb Code    48  dfixul.o(.text)
    __aeabi_cdrcmple                         0x08004299   Thumb Code    38  cdrcmple.o(.text)
    __scatterload                            0x080042c1   Thumb Code    28  init.o(.text)
    __scatterload_rt2                        0x080042c1   Thumb Code     0  init.o(.text)
    __aeabi_llsl                             0x080042e5   Thumb Code    30  llshl.o(.text)
    _ll_shift_l                              0x080042e5   Thumb Code     0  llshl.o(.text)
    __aeabi_llsr                             0x08004303   Thumb Code    32  llushr.o(.text)
    _ll_ushift_r                             0x08004303   Thumb Code     0  llushr.o(.text)
    __aeabi_lasr                             0x08004323   Thumb Code    36  llsshr.o(.text)
    _ll_sshift_r                             0x08004323   Thumb Code     0  llsshr.o(.text)
    __0printf                                0x08004349   Thumb Code    22  printfa.o(i.__0printf)
    __1printf                                0x08004349   Thumb Code     0  printfa.o(i.__0printf)
    __2printf                                0x08004349   Thumb Code     0  printfa.o(i.__0printf)
    __c89printf                              0x08004349   Thumb Code     0  printfa.o(i.__0printf)
    printf                                   0x08004349   Thumb Code     0  printfa.o(i.__0printf)
    __scatterload_copy                       0x08004369   Thumb Code    14  handlers.o(i.__scatterload_copy)
    __scatterload_null                       0x08004377   Thumb Code     2  handlers.o(i.__scatterload_null)
    __scatterload_zeroinit                   0x08004379   Thumb Code    14  handlers.o(i.__scatterload_zeroinit)
    getc                                     0x08004c2b   Thumb Code     4  getc.o(i.getc)
    Region$$Table$$Base                      0x08004c30   Number         0  anon$$obj.o(Region$$Table)
    Region$$Table$$Limit                     0x08004c50   Number         0  anon$$obj.o(Region$$Table)
    Left_Forward                             0x20000000   Data           2  main.o(.data)
    Left_Backward                            0x20000002   Data           2  main.o(.data)
    Right_Forward                            0x20000004   Data           2  main.o(.data)
    Right_Backward                           0x20000006   Data           2  main.o(.data)
    RobotArm_1                               0x20000008   Data           2  main.o(.data)
    RobotArm_2                               0x2000000a   Data           2  main.o(.data)
    RobotArm_3                               0x2000000c   Data           2  main.o(.data)
    RobotArm_4                               0x2000000e   Data           2  main.o(.data)
    state_A                                  0x20000010   Data           1  stm32f10x_it.o(.data)
    state_B                                  0x20000011   Data           1  stm32f10x_it.o(.data)
    state_C                                  0x20000012   Data           1  stm32f10x_it.o(.data)
    state_D                                  0x20000013   Data           1  stm32f10x_it.o(.data)
    timecount                                0x20000014   Data           2  stm32f10x_it.o(.data)
    timecount1                               0x20000016   Data           2  stm32f10x_it.o(.data)
    test                                     0x20000018   Data           2  stm32f10x_it.o(.data)
    timecount_B                              0x2000001a   Data           2  stm32f10x_it.o(.data)
    timecount1_B                             0x2000001c   Data           2  stm32f10x_it.o(.data)
    test_B                                   0x2000001e   Data           2  stm32f10x_it.o(.data)
    timecount_C                              0x20000020   Data           2  stm32f10x_it.o(.data)
    timecount1_C                             0x20000022   Data           2  stm32f10x_it.o(.data)
    test_C                                   0x20000024   Data           2  stm32f10x_it.o(.data)
    timecount_D                              0x20000026   Data           2  stm32f10x_it.o(.data)
    timecount1_D                             0x20000028   Data           2  stm32f10x_it.o(.data)
    test_D                                   0x2000002a   Data           2  stm32f10x_it.o(.data)
    desired_v                                0x2000002c   Data           2  stm32f10x_it.o(.data)
    PID_P                                    0x2000002e   Data           2  stm32f10x_it.o(.data)
    SystemCoreClock                          0x20000030   Data           4  system_stm32f10x.o(.data)
    AHBPrescTable                            0x20000034   Data          16  system_stm32f10x.o(.data)
    __stdin                                  0x20000058   Data           4  stdin.o(.data)
    __stdout                                 0x2000005c   Data           4  stdout.o(.data)
    ADC_ConvertedValue                       0x20000060   Data          32  bsp_adc.o(.bss)
    ADC_ConvertedValue3                      0x20000080   Data          16  bsp_adc.o(.bss)
    ADC_ConvertedValueLocal                  0x20000090   Data          64  car.o(.bss)
    ADC_ConvertedValueLocal3                 0x200000d0   Data          32  car.o(.bss)
    __initial_sp                             0x200004f0   Data           0  startup_stm32f10x_hd.o(STACK)



==============================================================================

Memory Map of the image

  Image Entry point : 0x08000145

  Load Region LR_1 (Base: 0x08000000, Size: 0x00004cb0, Max: 0xffffffff, ABSOLUTE)

    Execution Region ER_RO (Base: 0x08000000, Size: 0x00004c50, Max: 0xffffffff, ABSOLUTE)

    Base Addr    Size         Type   Attr      Idx    E Section Name        Object

    0x08000000   0x00000130   Data   RO            3    RESET               startup_stm32f10x_hd.o
    0x08000130   0x00000000   Code   RO          540  * .ARM.Collect$$$$00000000  mc_w.l(entry.o)
    0x08000130   0x00000004   Code   RO          819    .ARM.Collect$$$$00000001  mc_w.l(entry2.o)
    0x08000134   0x00000004   Code   RO          822    .ARM.Collect$$$$00000004  mc_w.l(entry5.o)
    0x08000138   0x00000000   Code   RO          824    .ARM.Collect$$$$00000008  mc_w.l(entry7b.o)
    0x08000138   0x00000000   Code   RO          826    .ARM.Collect$$$$0000000A  mc_w.l(entry8b.o)
    0x08000138   0x00000008   Code   RO          827    .ARM.Collect$$$$0000000B  mc_w.l(entry9a.o)
    0x08000140   0x00000000   Code   RO          829    .ARM.Collect$$$$0000000D  mc_w.l(entry10a.o)
    0x08000140   0x00000000   Code   RO          831    .ARM.Collect$$$$0000000F  mc_w.l(entry11a.o)
    0x08000140   0x00000004   Code   RO          820    .ARM.Collect$$$$00002712  mc_w.l(entry2.o)
    0x08000144   0x00000024   Code   RO            4  * .text               startup_stm32f10x_hd.o
    0x08000168   0x00000014   Code   RO           10    .text               main.o
    0x0800017c   0x00000428   Code   RO          131    .text               stm32f10x_it.o
    0x080005a4   0x000001a8   Code   RO          150    .text               bsp_usart.o
    0x0800074c   0x000002e0   Code   RO          162    .text               bsp_adc.o
    0x08000a2c   0x00000408   Code   RO          177    .text               bsp_generaltim.o
    0x08000e34   0x000001cc   Code   RO          190    .text               measuretim.o
    0x08001000   0x00000a2c   Code   RO          202    .text               car.o
    0x08001a2c   0x000001dc   Code   RO          244    .text               system_stm32f10x.o
    0x08001c08   0x000000dc   Code   RO          262    .text               misc.o
    0x08001ce4   0x0000044e   Code   RO          274    .text               stm32f10x_adc.o
    0x08002132   0x00000002   PAD
    0x08002134   0x00000250   Code   RO          358    .text               stm32f10x_dma.o
    0x08002384   0x00000358   Code   RO          406    .text               stm32f10x_gpio.o
    0x080026dc   0x000003a4   Code   RO          454    .text               stm32f10x_rcc.o
    0x08002a80   0x00000e1a   Code   RO          504    .text               stm32f10x_tim.o
    0x0800389a   0x00000002   PAD
    0x0800389c   0x00000408   Code   RO          516    .text               stm32f10x_usart.o
    0x08003ca4   0x00000080   Code   RO          807    .text               mf_w.l(fdiv.o)
    0x08003d24   0x000000e4   Code   RO          809    .text               mf_w.l(dmul.o)
    0x08003e08   0x0000000a   Code   RO          811    .text               mf_w.l(ffltui.o)
    0x08003e12   0x00000026   Code   RO          813    .text               mf_w.l(f2d.o)
    0x08003e38   0x00000038   Code   RO          815    .text               mf_w.l(d2f.o)
    0x08003e70   0x00000014   Code   RO          817    .text               mf_w.l(cfrcmple.o)
    0x08003e84   0x0000002c   Code   RO          834    .text               mc_w.l(uidiv.o)
    0x08003eb0   0x00000062   Code   RO          836    .text               mc_w.l(uldiv.o)
    0x08003f12   0x00000000   Code   RO          838    .text               mc_w.l(iusefp.o)
    0x08003f12   0x0000006c   Code   RO          839    .text               mf_w.l(fepilogue.o)
    0x08003f7e   0x000000be   Code   RO          841    .text               mf_w.l(depilogue.o)
    0x0800403c   0x0000014e   Code   RO          843    .text               mf_w.l(dadd.o)
    0x0800418a   0x000000de   Code   RO          845    .text               mf_w.l(ddiv.o)
    0x08004268   0x00000030   Code   RO          847    .text               mf_w.l(dfixul.o)
    0x08004298   0x00000028   Code   RO          849    .text               mf_w.l(cdrcmple.o)
    0x080042c0   0x00000024   Code   RO          851    .text               mc_w.l(init.o)
    0x080042e4   0x0000001e   Code   RO          853    .text               mc_w.l(llshl.o)
    0x08004302   0x00000020   Code   RO          855    .text               mc_w.l(llushr.o)
    0x08004322   0x00000024   Code   RO          857    .text               mc_w.l(llsshr.o)
    0x08004346   0x00000002   PAD
    0x08004348   0x00000020   Code   RO          779    i.__0printf         mc_w.l(printfa.o)
    0x08004368   0x0000000e   Code   RO          861    i.__scatterload_copy  mc_w.l(handlers.o)
    0x08004376   0x00000002   Code   RO          862    i.__scatterload_null  mc_w.l(handlers.o)
    0x08004378   0x0000000e   Code   RO          863    i.__scatterload_zeroinit  mc_w.l(handlers.o)
    0x08004386   0x00000002   PAD
    0x08004388   0x0000015c   Code   RO          786    i._fp_digits        mc_w.l(printfa.o)
    0x080044e4   0x000006f0   Code   RO          787    i._printf_core      mc_w.l(printfa.o)
    0x08004bd4   0x00000026   Code   RO          788    i._printf_post_padding  mc_w.l(printfa.o)
    0x08004bfa   0x00000030   Code   RO          789    i._printf_pre_padding  mc_w.l(printfa.o)
    0x08004c2a   0x00000004   Code   RO          543    i.getc              mc_w.l(getc.o)
    0x08004c2e   0x00000002   PAD
    0x08004c30   0x00000020   Data   RO          859    Region$$Table       anon$$obj.o


    Execution Region ER_RW (Base: 0x20000000, Size: 0x00000060, Max: 0xffffffff, ABSOLUTE)

    Base Addr    Size         Type   Attr      Idx    E Section Name        Object

    0x20000000   0x00000010   Data   RW           11    .data               main.o
    0x20000010   0x00000020   Data   RW          132    .data               stm32f10x_it.o
    0x20000030   0x00000014   Data   RW          245    .data               system_stm32f10x.o
    0x20000044   0x00000014   Data   RW          455    .data               stm32f10x_rcc.o
    0x20000058   0x00000004   Data   RW          545    .data               mc_w.l(stdin.o)
    0x2000005c   0x00000004   Data   RW          833    .data               mc_w.l(stdout.o)


    Execution Region ER_ZI (Base: 0x20000060, Size: 0x00000490, Max: 0xffffffff, ABSOLUTE)

    Base Addr    Size         Type   Attr      Idx    E Section Name        Object

    0x20000060   0x00000030   Zero   RW          163    .bss                bsp_adc.o
    0x20000090   0x00000060   Zero   RW          203    .bss                car.o
    0x200000f0   0x00000400   Zero   RW            1    STACK               startup_stm32f10x_hd.o


==============================================================================

Image component sizes


      Code (inc. data)   RO Data    RW Data    ZI Data      Debug   Object Name

       736         42          0          0         48       1765   bsp_adc.o
      1032         32          0          0          0       2920   bsp_generaltim.o
       424         10          0          0          0       2423   bsp_usart.o
      2604        350          0          0         96       3295   car.o
        20          0          0         16          0     274089   main.o
       460         14          0          0          0       1339   measuretim.o
       220         20          0          0          0       1937   misc.o
        36          8        304          0       1024        784   startup_stm32f10x_hd.o
      1102         26          0          0          0      10969   stm32f10x_adc.o
       592          8          0          0          0       4466   stm32f10x_dma.o
       856         40          0          0          0       5781   stm32f10x_gpio.o
      1064        130          0         32          0       3040   stm32f10x_it.o
       932         44          0         20          0       8988   stm32f10x_rcc.o
      3610         88          0          0          0      22268   stm32f10x_tim.o
      1032         22          0          0          0       8508   stm32f10x_usart.o
       476         36          0         20          0       1895   system_stm32f10x.o

    ----------------------------------------------------------------------
     15200        870        336         88       1168     354467   Object Totals
         0          0         32          0          0          0   (incl. Generated)
         4          0          0          0          0          0   (incl. Padding)

    ----------------------------------------------------------------------

      Code (inc. data)   RO Data    RW Data    ZI Data      Debug   Library Member Name

         0          0          0          0          0          0   entry.o
         0          0          0          0          0          0   entry10a.o
         0          0          0          0          0          0   entry11a.o
         8          4          0          0          0          0   entry2.o
         4          0          0          0          0          0   entry5.o
         0          0          0          0          0          0   entry7b.o
         0          0          0          0          0          0   entry8b.o
         8          4          0          0          0          0   entry9a.o
         4          0          0          0          0         68   getc.o
        30          0          0          0          0          0   handlers.o
        36          8          0          0          0         68   init.o
         0          0          0          0          0          0   iusefp.o
        30          0          0          0          0         68   llshl.o
        36          0          0          0          0         68   llsshr.o
        32          0          0          0          0         68   llushr.o
      2242         90          0          0          0        444   printfa.o
         0          0          0          4          0          0   stdin.o
         0          0          0          4          0          0   stdout.o
        44          0          0          0          0         80   uidiv.o
        98          0          0          0          0         92   uldiv.o
        40          2          0          0          0         68   cdrcmple.o
        20          0          0          0          0         68   cfrcmple.o
        56          0          0          0          0         88   d2f.o
       334          0          0          0          0        144   dadd.o
       222          0          0          0          0        100   ddiv.o
       190          0          0          0          0        176   depilogue.o
        48          0          0          0          0         68   dfixul.o
       228          0          0          0          0         92   dmul.o
        38          0          0          0          0         68   f2d.o
       128          0          0          0          0         88   fdiv.o
       108          0          0          0          0        168   fepilogue.o
        10          0          0          0          0         68   ffltui.o

    ----------------------------------------------------------------------
      4000        108          0          8          0       2152   Library Totals
         6          0          0          0          0          0   (incl. Padding)

    ----------------------------------------------------------------------

      Code (inc. data)   RO Data    RW Data    ZI Data      Debug   Library Name

      2572        106          0          8          0        956   mc_w.l
      1422          2          0          0          0       1196   mf_w.l

    ----------------------------------------------------------------------
      4000        108          0          8          0       2152   Library Totals

    ----------------------------------------------------------------------

==============================================================================


      Code (inc. data)   RO Data    RW Data    ZI Data      Debug   

     19200        978        336         96       1168     354071   Grand Totals
     19200        978        336         96       1168     354071   ELF Image Totals
     19200        978        336         96          0          0   ROM Totals

==============================================================================

    Total RO  Size (Code + RO Data)                19536 (  19.08kB)
    Total RW  Size (RW Data + ZI Data)              1264 (   1.23kB)
    Total ROM Size (Code + RO Data + RW Data)      19632 (  19.17kB)

==============================================================================

